Command line invocation:
    /Applications/Xcode.app/Contents/Developer/usr/bin/xcodebuild test -project "Chainworks Forge.xcodeproj" -scheme "Chainworks Forge" -destination platform=macOS "-only-testing:Chainworks ForgeTests/AgentSessionTests" CODE_SIGNING_ALLOWED=NO CODE_SIGNING_REQUIRED=NO CODE_SIGN_IDENTITY=

Build settings from command line:
    CODE_SIGN_IDENTITY = 
    CODE_SIGNING_ALLOWED = NO
    CODE_SIGNING_REQUIRED = NO

2026-03-31 14:21:21.498 xcodebuild[62635:20937969]  DVTDeviceOperation: Encountered a build number "" that is incompatible with DVTBuildVersion.
2026-03-31 14:21:21.558 xcodebuild[62635:20937803] [MT] DVTDeviceOperation: Encountered a build number "" that is incompatible with DVTBuildVersion.
Resolve Package Graph


Resolved source packages:
  Yams: https://github.com/jpsim/Yams.git @ 5.4.0

--- xcodebuild: WARNING: Using the first of multiple matching destinations:
{ platform:macOS, arch:arm64, id:00006000-0014108A2E02401E, name:My Mac }
{ platform:macOS, arch:x86_64, id:00006000-0014108A2E02401E, name:My Mac }
note: Using codesigning identity override: 
ComputePackagePrebuildTargetDependencyGraph

Prepare packages

CreateBuildRequest

SendProjectDescription

CreateBuildOperation

ComputeTargetDependencyGraph
note: Building targets in dependency order
note: Target dependency graph (6 targets)
    Target 'Chainworks ForgeUITests' in project 'Chainworks Forge'
        ➜ Explicit dependency on target 'Chainworks Forge' in project 'Chainworks Forge'
    Target 'Chainworks ForgeTests' in project 'Chainworks Forge'
        ➜ Explicit dependency on target 'Chainworks Forge' in project 'Chainworks Forge'
        ➜ Explicit dependency on target 'Yams' in project 'Yams'
    Target 'Chainworks Forge' in project 'Chainworks Forge'
        ➜ Explicit dependency on target 'Yams' in project 'Yams'
    Target 'Yams' in project 'Yams'
        ➜ Explicit dependency on target 'Yams' in project 'Yams'
        ➜ Explicit dependency on target 'CYaml' in project 'Yams'
    Target 'Yams' in project 'Yams'
        ➜ Explicit dependency on target 'CYaml' in project 'Yams'
    Target 'CYaml' in project 'Yams' (no dependencies)

GatherProvisioningInputs

CreateBuildDescription

ExecuteExternalTool /Applications/Xcode.app/Contents/Developer/Toolchains/XcodeDefault.xctoolchain/usr/bin/clang -v -E -dM -arch arm64 -isysroot /Applications/Xcode.app/Contents/Developer/Platforms/MacOSX.platform/Developer/SDKs/MacOSX26.4.sdk -x c -c /dev/null

ExecuteExternalTool /Applications/Xcode.app/Contents/Developer/Toolchains/XcodeDefault.xctoolchain/usr/bin/swiftc --version

ExecuteExternalTool /Applications/Xcode.app/Contents/Developer/Toolchains/XcodeDefault.xctoolchain/usr/bin/clang -v -E -dM -isysroot /Applications/Xcode.app/Contents/Developer/Platforms/MacOSX.platform/Developer/SDKs/MacOSX26.4.sdk -x c -c /dev/null

ExecuteExternalTool /Applications/Xcode.app/Contents/Developer/Toolchains/XcodeDefault.xctoolchain/usr/bin/ld -version_details

ExecuteExternalTool /Applications/Xcode.app/Contents/Developer/usr/bin/actool --version --output-format xml1

Build description signature: 1e1f3edc366901f33316e869f60b6b4f
Build description path: /Users/user/Library/Developer/Xcode/DerivedData/Chainworks_Forge-ayratnusrqmfbievclfarmszyhkv/Build/Intermediates.noindex/XCBuildData/1e1f3edc366901f33316e869f60b6b4f.xcbuilddata
ClangStatCache /Applications/Xcode.app/Contents/Developer/Toolchains/XcodeDefault.xctoolchain/usr/bin/clang-stat-cache /Applications/Xcode.app/Contents/Developer/Platforms/MacOSX.platform/Developer/SDKs/MacOSX26.4.sdk /Users/user/Library/Developer/Xcode/DerivedData/SDKStatCaches.noindex/macosx26.4-25E236-30f9ca8789b706f8bd3fc906a70d770f.sdkstatcache
    cd /Users/user/Documents/Chainworks\ Forge/Chainworks\ Forge.xcodeproj
    /Applications/Xcode.app/Contents/Developer/Toolchains/XcodeDefault.xctoolchain/usr/bin/clang-stat-cache /Applications/Xcode.app/Contents/Developer/Platforms/MacOSX.platform/Developer/SDKs/MacOSX26.4.sdk -o /Users/user/Library/Developer/Xcode/DerivedData/SDKStatCaches.noindex/macosx26.4-25E236-30f9ca8789b706f8bd3fc906a70d770f.sdkstatcache

SwiftDriver Chainworks\ ForgeTests normal arm64 com.apple.xcode.tools.swift.compiler (in target 'Chainworks ForgeTests' from project 'Chainworks Forge')
    cd /Users/user/Documents/Chainworks\ Forge
    builtin-SwiftDriver -- /Applications/Xcode.app/Contents/Developer/Toolchains/XcodeDefault.xctoolchain/usr/bin/swiftc -module-name Chainworks_ForgeTests -Onone @/Users/user/Library/Developer/Xcode/DerivedData/Chainworks_Forge-ayratnusrqmfbievclfarmszyhkv/Build/Intermediates.noindex/Chainworks\ Forge.build/Debug/Chainworks\ ForgeTests.build/Objects-normal/arm64/Chainworks\ ForgeTests.SwiftFileList -DDEBUG -plugin-path /Applications/Xcode.app/Contents/Developer/Toolchains/XcodeDefault.xctoolchain/usr/lib/swift/host/plugins/testing -enable-bare-slash-regex -enable-upcoming-feature DisableOutwardActorInference -enable-upcoming-feature InferSendableFromCaptures -enable-upcoming-feature GlobalActorIsolatedTypesUsability -enable-upcoming-feature MemberImportVisibility -enable-upcoming-feature InferIsolatedConformances -enable-upcoming-feature NonisolatedNonsendingByDefault -enable-experimental-feature DebugDescriptionMacro -sdk /Applications/Xcode.app/Contents/Developer/Platforms/MacOSX.platform/Developer/SDKs/MacOSX26.4.sdk -target arm64-apple-macos26.2 -g -module-cache-path /Users/user/Library/Developer/Xcode/DerivedData/ModuleCache.noindex -Xfrontend -serialize-debugging-options -profile-coverage-mapping -profile-generate -enable-testing -index-store-path /Users/user/Library/Developer/Xcode/DerivedData/Chainworks_Forge-ayratnusrqmfbievclfarmszyhkv/Index.noindex/DataStore -Xcc -D_LIBCPP_HARDENING_MODE\=_LIBCPP_HARDENING_MODE_DEBUG -swift-version 5 -I /Users/user/Library/Developer/Xcode/DerivedData/Chainworks_Forge-ayratnusrqmfbievclfarmszyhkv/Build/Products/Debug -Isystem /Applications/Xcode.app/Contents/Developer/Platforms/MacOSX.platform/Developer/usr/lib -F /Users/user/Library/Developer/Xcode/DerivedData/Chainworks_Forge-ayratnusrqmfbievclfarmszyhkv/Build/Products/Debug/PackageFrameworks -F /Users/user/Library/Developer/Xcode/DerivedData/Chainworks_Forge-ayratnusrqmfbievclfarmszyhkv/Build/Products/Debug/PackageFrameworks -F /Users/user/Library/Developer/Xcode/DerivedData/Chainworks_Forge-ayratnusrqmfbievclfarmszyhkv/Build/Products/Debug/PackageFrameworks -F /Users/user/Library/Developer/Xcode/DerivedData/Chainworks_Forge-ayratnusrqmfbievclfarmszyhkv/Build/Products/Debug/PackageFrameworks -F /Users/user/Library/Developer/Xcode/DerivedData/Chainworks_Forge-ayratnusrqmfbievclfarmszyhkv/Build/Products/Debug -F /Applications/Xcode.app/Contents/Developer/Platforms/MacOSX.platform/Developer/Library/Frameworks -c -j10 -enable-batch-mode -incremental -Xcc -ivfsstatcache -Xcc /Users/user/Library/Developer/Xcode/DerivedData/SDKStatCaches.noindex/macosx26.4-25E236-30f9ca8789b706f8bd3fc906a70d770f.sdkstatcache -output-file-map /Users/user/Library/Developer/Xcode/DerivedData/Chainworks_Forge-ayratnusrqmfbievclfarmszyhkv/Build/Intermediates.noindex/Chainworks\ Forge.build/Debug/Chainworks\ ForgeTests.build/Objects-normal/arm64/Chainworks\ ForgeTests-OutputFileMap.json -use-frontend-parseable-output -save-temps -no-color-diagnostics -explicit-module-build -module-cache-path /Users/user/Library/Developer/Xcode/DerivedData/Chainworks_Forge-ayratnusrqmfbievclfarmszyhkv/Build/Intermediates.noindex/SwiftExplicitPrecompiledModules -clang-scanner-module-cache-path /Users/user/Library/Developer/Xcode/DerivedData/ModuleCache.noindex -sdk-module-cache-path /Users/user/Library/Developer/Xcode/DerivedData/ModuleCache.noindex -serialize-diagnostics -emit-dependencies -emit-module -emit-module-path /Users/user/Library/Developer/Xcode/DerivedData/Chainworks_Forge-ayratnusrqmfbievclfarmszyhkv/Build/Intermediates.noindex/Chainworks\ Forge.build/Debug/Chainworks\ ForgeTests.build/Objects-normal/arm64/Chainworks_ForgeTests.swiftmodule -validate-clang-modules-once -clang-build-session-file /Users/user/Library/Developer/Xcode/DerivedData/ModuleCache.noindex/Session.modulevalidation -Xcc -I/Users/user/Library/Developer/Xcode/DerivedData/Chainworks_Forge-ayratnusrqmfbievclfarmszyhkv/Build/Intermediates.noindex/Chainworks\ Forge.build/Debug/Chainworks\ ForgeTests.build/swift-overrides.hmap -emit-const-values -Xfrontend -const-gather-protocols-file -Xfrontend /Users/user/Library/Developer/Xcode/DerivedData/Chainworks_Forge-ayratnusrqmfbievclfarmszyhkv/Build/Intermediates.noindex/Chainworks\ Forge.build/Debug/Chainworks\ ForgeTests.build/Objects-normal/arm64/Chainworks\ ForgeTests_const_extract_protocols.json -Xcc -iquote -Xcc /Users/user/Library/Developer/Xcode/DerivedData/Chainworks_Forge-ayratnusrqmfbievclfarmszyhkv/Build/Intermediates.noindex/Chainworks\ Forge.build/Debug/Chainworks\ ForgeTests.build/Chainworks\ ForgeTests-generated-files.hmap -Xcc -I/Users/user/Library/Developer/Xcode/DerivedData/Chainworks_Forge-ayratnusrqmfbievclfarmszyhkv/Build/Intermediates.noindex/Chainworks\ Forge.build/Debug/Chainworks\ ForgeTests.build/Chainworks\ ForgeTests-own-target-headers.hmap -Xcc -I/Users/user/Library/Developer/Xcode/DerivedData/Chainworks_Forge-ayratnusrqmfbievclfarmszyhkv/Build/Intermediates.noindex/Chainworks\ Forge.build/Debug/Chainworks\ ForgeTests.build/Chainworks\ ForgeTests-all-non-framework-target-headers.hmap -Xcc -ivfsoverlay -Xcc /Users/user/Library/Developer/Xcode/DerivedData/Chainworks_Forge-ayratnusrqmfbievclfarmszyhkv/Build/Intermediates.noindex/Chainworks\ Forge.build/Debug/Chainworks\ Forge-6a18b84c5887fced543750989b10baf6-VFS/all-product-headers.yaml -Xcc -iquote -Xcc /Users/user/Library/Developer/Xcode/DerivedData/Chainworks_Forge-ayratnusrqmfbievclfarmszyhkv/Build/Intermediates.noindex/Chainworks\ Forge.build/Debug/Chainworks\ ForgeTests.build/Chainworks\ ForgeTests-project-headers.hmap -Xcc -I/Users/user/Library/Developer/Xcode/DerivedData/Chainworks_Forge-ayratnusrqmfbievclfarmszyhkv/SourcePackages/checkouts/Yams/Sources/CYaml/include -Xcc -I/Users/user/Library/Developer/Xcode/DerivedData/Chainworks_Forge-ayratnusrqmfbievclfarmszyhkv/SourcePackages/checkouts/Yams/Sources/CYaml/include -Xcc -I/Users/user/Library/Developer/Xcode/DerivedData/Chainworks_Forge-ayratnusrqmfbievclfarmszyhkv/Build/Products/Debug/include -Xcc -I/Users/user/Library/Developer/Xcode/DerivedData/Chainworks_Forge-ayratnusrqmfbievclfarmszyhkv/Build/Intermediates.noindex/Chainworks\ Forge.build/Debug/Chainworks\ ForgeTests.build/DerivedSources-normal/arm64 -Xcc -I/Users/user/Library/Developer/Xcode/DerivedData/Chainworks_Forge-ayratnusrqmfbievclfarmszyhkv/Build/Intermediates.noindex/Chainworks\ Forge.build/Debug/Chainworks\ ForgeTests.build/DerivedSources/arm64 -Xcc -I/Users/user/Library/Developer/Xcode/DerivedData/Chainworks_Forge-ayratnusrqmfbievclfarmszyhkv/Build/Intermediates.noindex/Chainworks\ Forge.build/Debug/Chainworks\ ForgeTests.build/DerivedSources -Xcc -DDEBUG\=1 -emit-objc-header -emit-objc-header-path /Users/user/Library/Developer/Xcode/DerivedData/Chainworks_Forge-ayratnusrqmfbievclfarmszyhkv/Build/Intermediates.noindex/Chainworks\ Forge.build/Debug/Chainworks\ ForgeTests.build/Objects-normal/arm64/Chainworks_ForgeTests-Swift.h -working-directory /Users/user/Documents/Chainworks\ Forge -experimental-emit-module-separately -disable-cmo

ProcessInfoPlistFile /Users/user/Library/Developer/Xcode/DerivedData/Chainworks_Forge-ayratnusrqmfbievclfarmszyhkv/Build/Products/Debug/PackageFrameworks/Yams_712EB057E_PackageProduct.framework/Versions/A/Resources/Info.plist /Users/user/Library/Developer/Xcode/DerivedData/Chainworks_Forge-ayratnusrqmfbievclfarmszyhkv/Build/Intermediates.noindex/Yams.build/Debug/Yams\ product.build/empty-Yams_712EB057E_PackageProduct.plist (in target 'Yams' from project 'Yams')
    cd /Users/user/Library/Developer/Xcode/DerivedData/Chainworks_Forge-ayratnusrqmfbievclfarmszyhkv/SourcePackages/checkouts/Yams
    builtin-infoPlistUtility /Users/user/Library/Developer/Xcode/DerivedData/Chainworks_Forge-ayratnusrqmfbievclfarmszyhkv/Build/Intermediates.noindex/Yams.build/Debug/Yams\ product.build/empty-Yams_712EB057E_PackageProduct.plist -producttype com.apple.product-type.framework -expandbuildsettings -platform macosx -o /Users/user/Library/Developer/Xcode/DerivedData/Chainworks_Forge-ayratnusrqmfbievclfarmszyhkv/Build/Products/Debug/PackageFrameworks/Yams_712EB057E_PackageProduct.framework/Versions/A/Resources/Info.plist

ProcessInfoPlistFile /Users/user/Library/Developer/Xcode/DerivedData/Chainworks_Forge-ayratnusrqmfbievclfarmszyhkv/Build/Products/Debug/Chainworks\ Forge.app/Contents/Info.plist /Users/user/Library/Developer/Xcode/DerivedData/Chainworks_Forge-ayratnusrqmfbievclfarmszyhkv/Build/Intermediates.noindex/Chainworks\ Forge.build/Debug/Chainworks\ Forge.build/empty-Chainworks\ Forge.plist (in target 'Chainworks Forge' from project 'Chainworks Forge')
    cd /Users/user/Documents/Chainworks\ Forge
    builtin-infoPlistUtility /Users/user/Library/Developer/Xcode/DerivedData/Chainworks_Forge-ayratnusrqmfbievclfarmszyhkv/Build/Intermediates.noindex/Chainworks\ Forge.build/Debug/Chainworks\ Forge.build/empty-Chainworks\ Forge.plist -producttype com.apple.product-type.application -genpkginfo /Users/user/Library/Developer/Xcode/DerivedData/Chainworks_Forge-ayratnusrqmfbievclfarmszyhkv/Build/Products/Debug/Chainworks\ Forge.app/Contents/PkgInfo -expandbuildsettings -platform macosx -additionalcontentfile /Users/user/Library/Developer/Xcode/DerivedData/Chainworks_Forge-ayratnusrqmfbievclfarmszyhkv/Build/Intermediates.noindex/Chainworks\ Forge.build/Debug/Chainworks\ Forge.build/assetcatalog_generated_info.plist -scanforprivacyfile /Users/user/Library/Developer/Xcode/DerivedData/Chainworks_Forge-ayratnusrqmfbievclfarmszyhkv/Build/Products/Debug/Chainworks\ Forge.app/Contents/Frameworks/Yams_712EB057E_PackageProduct.framework -o /Users/user/Library/Developer/Xcode/DerivedData/Chainworks_Forge-ayratnusrqmfbievclfarmszyhkv/Build/Products/Debug/Chainworks\ Forge.app/Contents/Info.plist

ProcessInfoPlistFile /Users/user/Library/Developer/Xcode/DerivedData/Chainworks_Forge-ayratnusrqmfbievclfarmszyhkv/Build/Products/Debug/Chainworks\ Forge.app/Contents/PlugIns/Chainworks\ ForgeTests.xctest/Contents/Info.plist /Users/user/Library/Developer/Xcode/DerivedData/Chainworks_Forge-ayratnusrqmfbievclfarmszyhkv/Build/Intermediates.noindex/Chainworks\ Forge.build/Debug/Chainworks\ ForgeTests.build/empty-Chainworks\ ForgeTests.plist (in target 'Chainworks ForgeTests' from project 'Chainworks Forge')
    cd /Users/user/Documents/Chainworks\ Forge
    builtin-infoPlistUtility /Users/user/Library/Developer/Xcode/DerivedData/Chainworks_Forge-ayratnusrqmfbievclfarmszyhkv/Build/Intermediates.noindex/Chainworks\ Forge.build/Debug/Chainworks\ ForgeTests.build/empty-Chainworks\ ForgeTests.plist -producttype com.apple.product-type.bundle.unit-test -expandbuildsettings -platform macosx -o /Users/user/Library/Developer/Xcode/DerivedData/Chainworks_Forge-ayratnusrqmfbievclfarmszyhkv/Build/Products/Debug/Chainworks\ Forge.app/Contents/PlugIns/Chainworks\ ForgeTests.xctest/Contents/Info.plist

SwiftCompile normal arm64 Compiling\ Chainworks_ForgeTests.swift,\ DeliveryServicesTests.swift,\ EndToEndTests.swift /Users/user/Documents/Chainworks\ Forge/Chainworks\ ForgeTests/Chainworks_ForgeTests.swift /Users/user/Documents/Chainworks\ Forge/Chainworks\ ForgeTests/DeliveryServicesTests.swift /Users/user/Documents/Chainworks\ Forge/Chainworks\ ForgeTests/EndToEndTests.swift (in target 'Chainworks ForgeTests' from project 'Chainworks Forge')

SwiftCompile normal arm64 /Users/user/Documents/Chainworks\ Forge/Chainworks\ ForgeTests/Chainworks_ForgeTests.swift (in target 'Chainworks ForgeTests' from project 'Chainworks Forge')
    cd /Users/user/Documents/Chainworks\ Forge
    

SwiftCompile normal arm64 /Users/user/Documents/Chainworks\ Forge/Chainworks\ ForgeTests/DeliveryServicesTests.swift (in target 'Chainworks ForgeTests' from project 'Chainworks Forge')
    cd /Users/user/Documents/Chainworks\ Forge
    

SwiftCompile normal arm64 /Users/user/Documents/Chainworks\ Forge/Chainworks\ ForgeTests/EndToEndTests.swift (in target 'Chainworks ForgeTests' from project 'Chainworks Forge')
    cd /Users/user/Documents/Chainworks\ Forge
    

SwiftCompile normal arm64 Compiling\ GooseServerTransportTests.swift,\ GooseSessionBridgeTests.swift,\ LiveGooseConnectionProofTests.swift /Users/user/Documents/Chainworks\ Forge/Chainworks\ ForgeTests/GooseServerTransportTests.swift /Users/user/Documents/Chainworks\ Forge/Chainworks\ ForgeTests/GooseSessionBridgeTests.swift /Users/user/Documents/Chainworks\ Forge/Chainworks\ ForgeTests/LiveGooseConnectionProofTests.swift (in target 'Chainworks ForgeTests' from project 'Chainworks Forge')

SwiftCompile normal arm64 /Users/user/Documents/Chainworks\ Forge/Chainworks\ ForgeTests/GooseServerTransportTests.swift (in target 'Chainworks ForgeTests' from project 'Chainworks Forge')
    cd /Users/user/Documents/Chainworks\ Forge
    

SwiftCompile normal arm64 /Users/user/Documents/Chainworks\ Forge/Chainworks\ ForgeTests/GooseSessionBridgeTests.swift (in target 'Chainworks ForgeTests' from project 'Chainworks Forge')
    cd /Users/user/Documents/Chainworks\ Forge
    

SwiftCompile normal arm64 /Users/user/Documents/Chainworks\ Forge/Chainworks\ ForgeTests/LiveGooseConnectionProofTests.swift (in target 'Chainworks ForgeTests' from project 'Chainworks Forge')
    cd /Users/user/Documents/Chainworks\ Forge
    

SwiftCompile normal arm64 Compiling\ SharedMocks.swift,\ SimulatedAgentExecutorTests.swift,\ TestSupport.swift /Users/user/Documents/Chainworks\ Forge/Chainworks\ ForgeTests/SharedMocks.swift /Users/user/Documents/Chainworks\ Forge/Chainworks\ ForgeTests/SimulatedAgentExecutorTests.swift /Users/user/Documents/Chainworks\ Forge/Chainworks\ ForgeTests/TestSupport.swift (in target 'Chainworks ForgeTests' from project 'Chainworks Forge')
Failed frontend command:
/Applications/Xcode.app/Contents/Developer/Toolchains/XcodeDefault.xctoolchain/usr/bin/swift-frontend -frontend -c /Users/user/Documents/Chainworks\ Forge/Chainworks\ ForgeTests/AgentSessionTests.swift /Users/user/Documents/Chainworks\ Forge/Chainworks\ ForgeTests/ArtifactManagerTests.swift /Users/user/Documents/Chainworks\ Forge/Chainworks\ ForgeTests/ArtifactValidationTests.swift /Users/user/Documents/Chainworks\ Forge/Chainworks\ ForgeTests/Chainworks_ForgeTests.swift /Users/user/Documents/Chainworks\ Forge/Chainworks\ ForgeTests/DeliveryServicesTests.swift /Users/user/Documents/Chainworks\ Forge/Chainworks\ ForgeTests/EndToEndTests.swift /Users/user/Documents/Chainworks\ Forge/Chainworks\ ForgeTests/FullMVPDeliveryTests.swift /Users/user/Documents/Chainworks\ Forge/Chainworks\ ForgeTests/GooseAgentExecutorTests.swift /Users/user/Documents/Chainworks\ Forge/Chainworks\ ForgeTests/GooseServerLiveIntegrationTests.swift /Users/user/Documents/Chainworks\ Forge/Chainworks\ ForgeTests/GooseServerTransportTests.swift /Users/user/Documents/Chainworks\ Forge/Chainworks\ ForgeTests/GooseSessionBridgeTests.swift /Users/user/Documents/Chainworks\ Forge/Chainworks\ ForgeTests/GooseStreamEventMapperTests.swift /Users/user/Documents/Chainworks\ Forge/Chainworks\ ForgeTests/IdeaArchivePolicyTests.swift /Users/user/Documents/Chainworks\ Forge/Chainworks\ ForgeTests/IdeaLifecycleTruthTests.swift /Users/user/Documents/Chainworks\ Forge/Chainworks\ ForgeTests/LiveGooseConnectionProofTests.swift /Users/user/Documents/Chainworks\ Forge/Chainworks\ ForgeTests/LiveProposalWorkflowTests.swift /Users/user/Documents/Chainworks\ Forge/Chainworks\ ForgeTests/MVPGoldenRunTests.swift /Users/user/Documents/Chainworks\ Forge/Chainworks\ ForgeTests/OrchestratorTests.swift /Users/user/Documents/Chainworks\ Forge/Chainworks\ ForgeTests/Proposal013Tests.swift /Users/user/Documents/Chainworks\ Forge/Chainworks\ ForgeTests/ProviderBindingTruthTests.swift /Users/user/Documents/Chainworks\ Forge/Chainworks\ ForgeTests/ProviderPlatformTests.swift /Users/user/Documents/Chainworks\ Forge/Chainworks\ ForgeTests/RecoveryCoordinatorTests.swift /Users/user/Documents/Chainworks\ Forge/Chainworks\ ForgeTests/ResumeManagerTests.swift /Users/user/Documents/Chainworks\ Forge/Chainworks\ ForgeTests/RunPlanCompilerTests.swift -primary-file /Users/user/Documents/Chainworks\ Forge/Chainworks\ ForgeTests/SharedMocks.swift -primary-file /Users/user/Documents/Chainworks\ Forge/Chainworks\ ForgeTests/SimulatedAgentExecutorTests.swift -primary-file /Users/user/Documents/Chainworks\ Forge/Chainworks\ ForgeTests/TestSupport.swift /Users/user/Documents/Chainworks\ Forge/Chainworks\ ForgeTests/TestTags.swift /Users/user/Documents/Chainworks\ Forge/Chainworks\ ForgeTests/TransitionEvaluatorTests.swift /Users/user/Documents/Chainworks\ Forge/Chainworks\ ForgeTests/WorkflowMapProjectionTests.swift /Users/user/Documents/Chainworks\ Forge/Chainworks\ ForgeTests/WorkspaceIsolationTests.swift /Users/user/Documents/Chainworks\ Forge/Chainworks\ ForgeTests/WorktreeProvisionerTests.swift -supplementary-output-file-map /Users/user/Library/Developer/Xcode/DerivedData/Chainworks_Forge-ayratnusrqmfbievclfarmszyhkv/Build/Intermediates.noindex/Chainworks\ Forge.build/Debug/Chainworks\ ForgeTests.build/Objects-normal/arm64/supplementaryOutputs-8 -target arm64-apple-macos26.2 -disable-cross-import-overlay-search -swift-module-cross-import SwiftData /Applications/Xcode.app/Contents/Developer/Platforms/MacOSX.platform/Developer/SDKs/MacOSX26.4.sdk/System/Library/Frameworks/SwiftData.framework/Modules/SwiftData.swiftcrossimport/CoreData.swiftoverlay -swift-module-cross-import SwiftData /Applications/Xcode.app/Contents/Developer/Platforms/MacOSX.platform/Developer/SDKs/MacOSX26.4.sdk/System/Library/Frameworks/SwiftData.framework/Modules/SwiftData.swiftcrossimport/SwiftUI.swiftoverlay -swift-module-cross-import Testing /Applications/Xcode.app/Contents/Developer/Platforms/MacOSX.platform/Developer/Library/Frameworks/Testing.framework/Modules/Testing.swiftcrossimport/AppKit.swiftoverlay -swift-module-cross-import Testing /Applications/Xcode.app/Contents/Developer/Platforms/MacOSX.platform/Developer/Library/Frameworks/Testing.framework/Modules/Testing.swiftcrossimport/CoreGraphics.swiftoverlay -swift-module-cross-import Testing /Applications/Xcode.app/Contents/Developer/Platforms/MacOSX.platform/Developer/Library/Frameworks/Testing.framework/Modules/Testing.swiftcrossimport/CoreImage.swiftoverlay -swift-module-cross-import Testing /Applications/Xcode.app/Contents/Developer/Platforms/MacOSX.platform/Developer/Library/Frameworks/Testing.framework/Modules/Testing.swiftcrossimport/Foundation.swiftoverlay -load-resolved-plugin /Applications/Xcode.app/Contents/Developer/Platforms/MacOSX.platform/Developer/usr/lib/swift/host/plugins/libFoundationMacros.dylib\#/Applications/Xcode.app/Contents/Developer/Platforms/MacOSX.platform/Developer/usr/bin/swift-plugin-server\#FoundationMacros -load-resolved-plugin /Applications/Xcode.app/Contents/Developer/Platforms/MacOSX.platform/Developer/usr/lib/swift/host/plugins/libObservationMacros.dylib\#/Applications/Xcode.app/Contents/Developer/Platforms/MacOSX.platform/Developer/usr/bin/swift-plugin-server\#ObservationMacros -load-resolved-plugin /Applications/Xcode.app/Contents/Developer/Platforms/MacOSX.platform/Developer/usr/lib/swift/host/plugins/libPreviewsMacros.dylib\#/Applications/Xcode.app/Contents/Developer/Platforms/MacOSX.platform/Developer/usr/bin/swift-plugin-server\#PreviewsMacros -load-resolved-plugin /Applications/Xcode.app/Contents/Developer/Platforms/MacOSX.platform/Developer/usr/lib/swift/host/plugins/libSwiftDataMacros.dylib\#/Applications/Xcode.app/Contents/Developer/Platforms/MacOSX.platform/Developer/usr/bin/swift-plugin-server\#SwiftDataMacros -load-resolved-plugin /Applications/Xcode.app/Contents/Developer/Platforms/MacOSX.platform/Developer/usr/lib/swift/host/plugins/libSwiftMacros.dylib\#/Applications/Xcode.app/Contents/Developer/Platforms/MacOSX.platform/Developer/usr/bin/swift-plugin-server\#SwiftMacros -load-resolved-plugin /Applications/Xcode.app/Contents/Developer/Platforms/MacOSX.platform/Developer/usr/lib/swift/host/plugins/libSwiftUIMacros.dylib\#/Applications/Xcode.app/Contents/Developer/Platforms/MacOSX.platform/Developer/usr/bin/swift-plugin-server\#SwiftUIMacros -load-resolved-plugin /Applications/Xcode.app/Contents/Developer/Toolchains/XcodeDefault.xctoolchain/usr/lib/swift/host/plugins/testing/libTestingMacros.dylib\#\#TestingMacros -disable-implicit-swift-modules -Xcc -fno-implicit-modules -Xcc -fno-implicit-module-maps -explicit-swift-module-map-file /Users/user/Library/Developer/Xcode/DerivedData/Chainworks_Forge-ayratnusrqmfbievclfarmszyhkv/Build/Intermediates.noindex/Chainworks\ Forge.build/Debug/Chainworks\ ForgeTests.build/Objects-normal/arm64/Chainworks_ForgeTests-dependencies-1.json -debug-module-path /Users/user/Library/Developer/Xcode/DerivedData/Chainworks_Forge-ayratnusrqmfbievclfarmszyhkv/Build/Intermediates.noindex/Chainworks\ Forge.build/Debug/Chainworks\ ForgeTests.build/Objects-normal/arm64/Chainworks_ForgeTests.swiftmodule -Xllvm -aarch64-use-tbi -enable-objc-interop -stack-check -sdk /Applications/Xcode.app/Contents/Developer/Platforms/MacOSX.platform/Developer/SDKs/MacOSX26.4.sdk -I /Users/user/Library/Developer/Xcode/DerivedData/Chainworks_Forge-ayratnusrqmfbievclfarmszyhkv/Build/Products/Debug -Isystem /Applications/Xcode.app/Contents/Developer/Platforms/MacOSX.platform/Developer/usr/lib -F /Users/user/Library/Developer/Xcode/DerivedData/Chainworks_Forge-ayratnusrqmfbievclfarmszyhkv/Build/Products/Debug/PackageFrameworks -F /Users/user/Library/Developer/Xcode/DerivedData/Chainworks_Forge-ayratnusrqmfbievclfarmszyhkv/Build/Products/Debug/PackageFrameworks -F /Users/user/Library/Developer/Xcode/DerivedData/Chainworks_Forge-ayratnusrqmfbievclfarmszyhkv/Build/Products/Debug/PackageFrameworks -F /Users/user/Library/Developer/Xcode/DerivedData/Chainworks_Forge-ayratnusrqmfbievclfarmszyhkv/Build/Products/Debug/PackageFrameworks -F /Users/user/Library/Developer/Xcode/DerivedData/Chainworks_Forge-ayratnusrqmfbievclfarmszyhkv/Build/Products/Debug -F /Applications/Xcode.app/Contents/Developer/Platforms/MacOSX.platform/Developer/Library/Frameworks -no-color-diagnostics -Xcc -fno-color-diagnostics -enable-testing -g -debug-info-format\=dwarf -dwarf-version\=5 -module-cache-path /Users/user/Library/Developer/Xcode/DerivedData/Chainworks_Forge-ayratnusrqmfbievclfarmszyhkv/Build/Intermediates.noindex/SwiftExplicitPrecompiledModules -profile-generate -profile-coverage-mapping -swift-version 5 -Onone -D DEBUG -serialize-debugging-options -const-gather-protocols-file /Users/user/Library/Developer/Xcode/DerivedData/Chainworks_Forge-ayratnusrqmfbievclfarmszyhkv/Build/Intermediates.noindex/Chainworks\ Forge.build/Debug/Chainworks\ ForgeTests.build/Objects-normal/arm64/Chainworks\ ForgeTests_const_extract_protocols.json -enable-upcoming-feature DisableOutwardActorInference -enable-upcoming-feature InferSendableFromCaptures -enable-upcoming-feature GlobalActorIsolatedTypesUsability -enable-upcoming-feature MemberImportVisibility -enable-upcoming-feature InferIsolatedConformances -enable-upcoming-feature NonisolatedNonsendingByDefault -enable-experimental-feature DebugDescriptionMacro -enable-bare-slash-regex -empty-abi-descriptor -validate-clang-modules-once -clang-build-session-file /Users/user/Library/Developer/Xcode/DerivedData/ModuleCache.noindex/Session.modulevalidation -Xcc -working-directory -Xcc /Users/user/Documents/Chainworks\ Forge -enable-anonymous-context-mangled-names -file-compilation-dir /Users/user/Documents/Chainworks\ Forge -Xcc -D_LIBCPP_HARDENING_MODE\=_LIBCPP_HARDENING_MODE_DEBUG -Xcc -ivfsstatcache -Xcc /Users/user/Library/Developer/Xcode/DerivedData/SDKStatCaches.noindex/macosx26.4-25E236-30f9ca8789b706f8bd3fc906a70d770f.sdkstatcache -Xcc -I/Users/user/Library/Developer/Xcode/DerivedData/Chainworks_Forge-ayratnusrqmfbievclfarmszyhkv/Build/Intermediates.noindex/Chainworks\ Forge.build/Debug/Chainworks\ ForgeTests.build/swift-overrides.hmap -Xcc -iquote -Xcc /Users/user/Library/Developer/Xcode/DerivedData/Chainworks_Forge-ayratnusrqmfbievclfarmszyhkv/Build/Intermediates.noindex/Chainworks\ Forge.build/Debug/Chainworks\ ForgeTests.build/Chainworks\ ForgeTests-generated-files.hmap -Xcc -I/Users/user/Library/Developer/Xcode/DerivedData/Chainworks_Forge-ayratnusrqmfbievclfarmszyhkv/Build/Intermediates.noindex/Chainworks\ Forge.build/Debug/Chainworks\ ForgeTests.build/Chainworks\ ForgeTests-own-target-headers.hmap -Xcc -I/Users/user/Library/Developer/Xcode/DerivedData/Chainworks_Forge-ayratnusrqmfbievclfarmszyhkv/Build/Intermediates.noindex/Chainworks\ Forge.build/Debug/Chainworks\ ForgeTests.build/Chainworks\ ForgeTests-all-non-framework-target-headers.hmap -Xcc -ivfsoverlay -Xcc /Users/user/Library/Developer/Xcode/DerivedData/Chainworks_Forge-ayratnusrqmfbievclfarmszyhkv/Build/Intermediates.noindex/Chainworks\ Forge.build/Debug/Chainworks\ Forge-6a18b84c5887fced543750989b10baf6-VFS/all-product-headers.yaml -Xcc -iquote -Xcc /Users/user/Library/Developer/Xcode/DerivedData/Chainworks_Forge-ayratnusrqmfbievclfarmszyhkv/Build/Intermediates.noindex/Chainworks\ Forge.build/Debug/Chainworks\ ForgeTests.build/Chainworks\ ForgeTests-project-headers.hmap -Xcc -I/Users/user/Library/Developer/Xcode/DerivedData/Chainworks_Forge-ayratnusrqmfbievclfarmszyhkv/SourcePackages/checkouts/Yams/Sources/CYaml/include -Xcc -I/Users/user/Library/Developer/Xcode/DerivedData/Chainworks_Forge-ayratnusrqmfbievclfarmszyhkv/SourcePackages/checkouts/Yams/Sources/CYaml/include -Xcc -I/Users/user/Library/Developer/Xcode/DerivedData/Chainworks_Forge-ayratnusrqmfbievclfarmszyhkv/Build/Products/Debug/include -Xcc -I/Users/user/Library/Developer/Xcode/DerivedData/Chainworks_Forge-ayratnusrqmfbievclfarmszyhkv/Build/Intermediates.noindex/Chainworks\ Forge.build/Debug/Chainworks\ ForgeTests.build/DerivedSources-normal/arm64 -Xcc -I/Users/user/Library/Developer/Xcode/DerivedData/Chainworks_Forge-ayratnusrqmfbievclfarmszyhkv/Build/Intermediates.noindex/Chainworks\ Forge.build/Debug/Chainworks\ ForgeTests.build/DerivedSources/arm64 -Xcc -I/Users/user/Library/Developer/Xcode/DerivedData/Chainworks_Forge-ayratnusrqmfbievclfarmszyhkv/Build/Intermediates.noindex/Chainworks\ Forge.build/Debug/Chainworks\ ForgeTests.build/DerivedSources -Xcc -DDEBUG\=1 -no-auto-bridging-header-chaining -module-name Chainworks_ForgeTests -frontend-parseable-output -disable-clang-spi -clang-target arm64-apple-macos26.4 -target-sdk-version 26.4 -target-sdk-name macosx26.4 -in-process-plugin-server-path /Applications/Xcode.app/Contents/Developer/Toolchains/XcodeDefault.xctoolchain/usr/lib/swift/host/libSwiftInProcPluginServer.dylib -o /Users/user/Library/Developer/Xcode/DerivedData/Chainworks_Forge-ayratnusrqmfbievclfarmszyhkv/Build/Intermediates.noindex/Chainworks\ Forge.build/Debug/Chainworks\ ForgeTests.build/Objects-normal/arm64/SharedMocks.o -o /Users/user/Library/Developer/Xcode/DerivedData/Chainworks_Forge-ayratnusrqmfbievclfarmszyhkv/Build/Intermediates.noindex/Chainworks\ Forge.build/Debug/Chainworks\ ForgeTests.build/Objects-normal/arm64/SimulatedAgentExecutorTests.o -o /Users/user/Library/Developer/Xcode/DerivedData/Chainworks_Forge-ayratnusrqmfbievclfarmszyhkv/Build/Intermediates.noindex/Chainworks\ Forge.build/Debug/Chainworks\ ForgeTests.build/Objects-normal/arm64/TestSupport.o -index-unit-output-path /Chainworks\ Forge.build/Debug/Chainworks\ ForgeTests.build/Objects-normal/arm64/SharedMocks.o -index-unit-output-path /Chainworks\ Forge.build/Debug/Chainworks\ ForgeTests.build/Objects-normal/arm64/SimulatedAgentExecutorTests.o -index-unit-output-path /Chainworks\ Forge.build/Debug/Chainworks\ ForgeTests.build/Objects-normal/arm64/TestSupport.o -index-store-path /Users/user/Library/Developer/Xcode/DerivedData/Chainworks_Forge-ayratnusrqmfbievclfarmszyhkv/Index.noindex/DataStore -index-system-modules

SwiftCompile normal arm64 /Users/user/Documents/Chainworks\ Forge/Chainworks\ ForgeTests/SharedMocks.swift (in target 'Chainworks ForgeTests' from project 'Chainworks Forge')
    cd /Users/user/Documents/Chainworks\ Forge
    
/Users/user/Documents/Chainworks Forge/Chainworks ForgeTests/SharedMocks.swift:59:33: warning: conformance of 'ObservableGooseTransport' to protocol 'GooseTransportProtocol' involves isolation mismatches and can cause data races; this is an error in the Swift 6 language mode
actor ObservableGooseTransport: GooseTransportProtocol {
                                ^
/Users/user/Documents/Chainworks Forge/Chainworks ForgeTests/SharedMocks.swift:59:7: note: mark all declarations used in the conformance 'nonisolated'
actor ObservableGooseTransport: GooseTransportProtocol {
      ^
/Users/user/Documents/Chainworks Forge/Chainworks ForgeTests/SharedMocks.swift:59:33: note: turn data races into runtime errors with '@preconcurrency'
actor ObservableGooseTransport: GooseTransportProtocol {
                                ^
                                @preconcurrency 
/Users/user/Documents/Chainworks Forge/Chainworks ForgeTests/SharedMocks.swift:96:10: note: actor-isolated instance method 'submitPrompt(sessionID:prompt:)' cannot satisfy main actor-isolated requirement
    func submitPrompt(
         ^
@__swiftmacro_21Chainworks_ForgeTests0038SimulatedAgentExecutorTestsswift_yoBAmfMX57_8_6expectfMf_.swift:1:57: warning: main actor-isolated property 'succeeded' can not be referenced from a nonisolated context
Testing.__checkPropertyAccess(result.self,getting: { $0.succeeded },expression: .__fromPropertyAccess(.__fromSyntaxNode("result"),.__fromSyntaxNode("succeeded")),comments: [],isRequired: false,sourceLocation: Testing.SourceLocation.__here()).__expected()
                                                        ^
/Users/user/Documents/Chainworks Forge/Chainworks ForgeTests/SimulatedAgentExecutorTests.swift:58:9: note: in expansion of macro 'expect' here
        #expect(result.succeeded)
        ^~~~~~~~~~~~~~~~~~~~~~~~~
/Users/user/Documents/Chainworks Forge/Chainworks ForgeTests/SimulatedAgentExecutorTests.swift:58:9: note: in expansion of macro 'expect' here
        #expect(result.succeeded)
        ^~~~~~~~~~~~~~~~~~~~~~~~~
Chainworks_Forge.AgentResult.succeeded:2:25: note: property declared here
@MainActor internal let succeeded: Bool}
                        ^
@__swiftmacro_21Chainworks_ForgeTests0038SimulatedAgentExecutorTestsswift_yoBAmfMX58_8_6expectfMf0_.swift:1:39: warning: main actor-isolated property 'errorMessage' cannot be accessed from outside of the actor; this is an error in the Swift 6 language mode
Testing.__checkBinaryOperation(result.errorMessage,{ $0 == $1() },nil,expression: .__fromBinaryOperation(.__fromSyntaxNode("result.errorMessage"),"==",.__fromSyntaxNode("nil")),comments: [],isRequired: false,sourceLocation: Testing.SourceLocation.__here()).__expected()
                                      ^
/Users/user/Documents/Chainworks Forge/Chainworks ForgeTests/SimulatedAgentExecutorTests.swift:59:9: note: in expansion of macro 'expect' here
        #expect(result.errorMessage == nil)
        ^~~~~~~~~~~~~~~~~~~~~~~~~~~~~~~~~~~
/Users/user/Documents/Chainworks Forge/Chainworks ForgeTests/SimulatedAgentExecutorTests.swift:59:9: note: in expansion of macro 'expect' here
        #expect(result.errorMessage == nil)
        ^~~~~~~~~~~~~~~~~~~~~~~~~~~~~~~~~~~
@__swiftmacro_21Chainworks_ForgeTests0038SimulatedAgentExecutorTestsswift_yoBAmfMX59_8_6expectfMf1_.swift:1:38: warning: main actor-isolated property 'outputs' cannot be accessed from outside of the actor; this is an error in the Swift 6 language mode
Testing.__checkPropertyAccess(result.outputs.self,getting: { $0.isEmpty },expression: .__fromNegation(.__fromPropertyAccess(.__fromSyntaxNode("result.outputs"),.__fromSyntaxNode("isEmpty")), false),comments: [],isRequired: false,sourceLocation: Testing.SourceLocation.__here()).__expected()
                                     ^
/Users/user/Documents/Chainworks Forge/Chainworks ForgeTests/SimulatedAgentExecutorTests.swift:60:9: note: in expansion of macro 'expect' here
        #expect(!result.outputs.isEmpty)
        ^~~~~~~~~~~~~~~~~~~~~~~~~~~~~~~~
/Users/user/Documents/Chainworks Forge/Chainworks ForgeTests/SimulatedAgentExecutorTests.swift:60:9: note: in expansion of macro 'expect' here
        #expect(!result.outputs.isEmpty)
        ^~~~~~~~~~~~~~~~~~~~~~~~~~~~~~~~
@__swiftmacro_21Chainworks_ForgeTests0038SimulatedAgentExecutorTestsswift_yoBAmfMX60_8_6expectfMf2_.swift:1:39: warning: main actor-isolated property 'logSnippet' cannot be accessed from outside of the actor; this is an error in the Swift 6 language mode
Testing.__checkBinaryOperation(result.logSnippet,{ $0 != $1() },nil,expression: .__fromBinaryOperation(.__fromSyntaxNode("result.logSnippet"),"!=",.__fromSyntaxNode("nil")),comments: [],isRequired: false,sourceLocation: Testing.SourceLocation.__here()).__expected()
                                      ^
/Users/user/Documents/Chainworks Forge/Chainworks ForgeTests/SimulatedAgentExecutorTests.swift:61:9: note: in expansion of macro 'expect' here
        #expect(result.logSnippet != nil)
        ^~~~~~~~~~~~~~~~~~~~~~~~~~~~~~~~~
/Users/user/Documents/Chainworks Forge/Chainworks ForgeTests/SimulatedAgentExecutorTests.swift:61:9: note: in expansion of macro 'expect' here
        #expect(result.logSnippet != nil)
        ^~~~~~~~~~~~~~~~~~~~~~~~~~~~~~~~~
@__swiftmacro_21Chainworks_ForgeTests0038SimulatedAgentExecutorTestsswift_yoBAmfMX72_8_6expectfMf_.swift:1:57: warning: main actor-isolated property 'succeeded' can not be referenced from a nonisolated context
Testing.__checkPropertyAccess(result.self,getting: { $0.succeeded },expression: .__fromPropertyAccess(.__fromSyntaxNode("result"),.__fromSyntaxNode("succeeded")),comments: [],isRequired: false,sourceLocation: Testing.SourceLocation.__here()).__expected()
                                                        ^
/Users/user/Documents/Chainworks Forge/Chainworks ForgeTests/SimulatedAgentExecutorTests.swift:73:9: note: in expansion of macro 'expect' here
        #expect(result.succeeded)
        ^~~~~~~~~~~~~~~~~~~~~~~~~
/Users/user/Documents/Chainworks Forge/Chainworks ForgeTests/SimulatedAgentExecutorTests.swift:73:9: note: in expansion of macro 'expect' here
        #expect(result.succeeded)
        ^~~~~~~~~~~~~~~~~~~~~~~~~
Chainworks_Forge.AgentResult.succeeded:2:25: note: property declared here
@MainActor internal let succeeded: Bool}
                        ^
@__swiftmacro_21Chainworks_ForgeTests0038SimulatedAgentExecutorTestsswift_yoBAmfMX73_8_6expectfMf0_.swift:1:39: warning: main actor-isolated property 'outputs' cannot be accessed from outside of the actor; this is an error in the Swift 6 language mode
Testing.__checkBinaryOperation(result.outputs.count,{ $0 == $1() },2,expression: .__fromBinaryOperation(.__fromSyntaxNode("result.outputs.count"),"==",.__fromSyntaxNode("2")),comments: [],isRequired: false,sourceLocation: Testing.SourceLocation.__here()).__expected()
                                      ^
/Users/user/Documents/Chainworks Forge/Chainworks ForgeTests/SimulatedAgentExecutorTests.swift:74:9: note: in expansion of macro 'expect' here
        #expect(result.outputs.count == 2)
        ^~~~~~~~~~~~~~~~~~~~~~~~~~~~~~~~~~
/Users/user/Documents/Chainworks Forge/Chainworks ForgeTests/SimulatedAgentExecutorTests.swift:74:9: note: in expansion of macro 'expect' here
        #expect(result.outputs.count == 2)
        ^~~~~~~~~~~~~~~~~~~~~~~~~~~~~~~~~~
@__swiftmacro_21Chainworks_ForgeTests0038SimulatedAgentExecutorTestsswift_yoBAmfMX74_8_6expectfMf1_.swift:1:39: warning: main actor-isolated property 'outputs' cannot be accessed from outside of the actor; this is an error in the Swift 6 language mode
Testing.__checkBinaryOperation(result.outputs["proposal_current"],{ $0 != $1() },nil,expression: .__fromBinaryOperation(.__fromSyntaxNode(#"result.outputs["proposal_current"]"#),"!=",.__fromSyntaxNode("nil")),comments: [],isRequired: false,sourceLocation: Testing.SourceLocation.__here()).__expected()
                                      ^
/Users/user/Documents/Chainworks Forge/Chainworks ForgeTests/SimulatedAgentExecutorTests.swift:75:9: note: in expansion of macro 'expect' here
        #expect(result.outputs["proposal_current"] != nil)
        ^~~~~~~~~~~~~~~~~~~~~~~~~~~~~~~~~~~~~~~~~~~~~~~~~~
/Users/user/Documents/Chainworks Forge/Chainworks ForgeTests/SimulatedAgentExecutorTests.swift:75:9: note: in expansion of macro 'expect' here
        #expect(result.outputs["proposal_current"] != nil)
        ^~~~~~~~~~~~~~~~~~~~~~~~~~~~~~~~~~~~~~~~~~~~~~~~~~
@__swiftmacro_21Chainworks_ForgeTests0038SimulatedAgentExecutorTestsswift_yoBAmfMX75_8_6expectfMf2_.swift:1:39: warning: main actor-isolated property 'outputs' cannot be accessed from outside of the actor; this is an error in the Swift 6 language mode
Testing.__checkBinaryOperation(result.outputs["idea_brief"],{ $0 != $1() },nil,expression: .__fromBinaryOperation(.__fromSyntaxNode(#"result.outputs["idea_brief"]"#),"!=",.__fromSyntaxNode("nil")),comments: [],isRequired: false,sourceLocation: Testing.SourceLocation.__here()).__expected()
                                      ^
/Users/user/Documents/Chainworks Forge/Chainworks ForgeTests/SimulatedAgentExecutorTests.swift:76:9: note: in expansion of macro 'expect' here
        #expect(result.outputs["idea_brief"] != nil)
        ^~~~~~~~~~~~~~~~~~~~~~~~~~~~~~~~~~~~~~~~~~~~
/Users/user/Documents/Chainworks Forge/Chainworks ForgeTests/SimulatedAgentExecutorTests.swift:76:9: note: in expansion of macro 'expect' here
        #expect(result.outputs["idea_brief"] != nil)
        ^~~~~~~~~~~~~~~~~~~~~~~~~~~~~~~~~~~~~~~~~~~~
@__swiftmacro_21Chainworks_ForgeTests0038SimulatedAgentExecutorTestsswift_yoBAmfMX87_8_6expectfMf_.swift:1:57: warning: main actor-isolated property 'succeeded' can not be referenced from a nonisolated context
Testing.__checkPropertyAccess(result.self,getting: { $0.succeeded },expression: .__fromPropertyAccess(.__fromSyntaxNode("result"),.__fromSyntaxNode("succeeded")),comments: [],isRequired: false,sourceLocation: Testing.SourceLocation.__here()).__expected()
                                                        ^
/Users/user/Documents/Chainworks Forge/Chainworks ForgeTests/SimulatedAgentExecutorTests.swift:88:9: note: in expansion of macro 'expect' here
        #expect(result.succeeded)
        ^~~~~~~~~~~~~~~~~~~~~~~~~
/Users/user/Documents/Chainworks Forge/Chainworks ForgeTests/SimulatedAgentExecutorTests.swift:88:9: note: in expansion of macro 'expect' here
        #expect(result.succeeded)
        ^~~~~~~~~~~~~~~~~~~~~~~~~
Chainworks_Forge.AgentResult.succeeded:2:25: note: property declared here
@MainActor internal let succeeded: Bool}
                        ^
@__swiftmacro_21Chainworks_ForgeTests0038SimulatedAgentExecutorTestsswift_yoBAmfMX88_8_6expectfMf0_.swift:1:39: warning: main actor-isolated property 'outputs' cannot be accessed from outside of the actor; this is an error in the Swift 6 language mode
Testing.__checkBinaryOperation(result.outputs.count,{ $0 == $1() },1,expression: .__fromBinaryOperation(.__fromSyntaxNode("result.outputs.count"),"==",.__fromSyntaxNode("1")),comments: [],isRequired: false,sourceLocation: Testing.SourceLocation.__here()).__expected()
                                      ^
/Users/user/Documents/Chainworks Forge/Chainworks ForgeTests/SimulatedAgentExecutorTests.swift:89:9: note: in expansion of macro 'expect' here
        #expect(result.outputs.count == 1)
        ^~~~~~~~~~~~~~~~~~~~~~~~~~~~~~~~~~
/Users/user/Documents/Chainworks Forge/Chainworks ForgeTests/SimulatedAgentExecutorTests.swift:89:9: note: in expansion of macro 'expect' here
        #expect(result.outputs.count == 1)
        ^~~~~~~~~~~~~~~~~~~~~~~~~~~~~~~~~~
@__swiftmacro_21Chainworks_ForgeTests0038SimulatedAgentExecutorTestsswift_yoBAmfMX89_8_6expectfMf1_.swift:1:39: warning: main actor-isolated property 'outputs' cannot be accessed from outside of the actor; this is an error in the Swift 6 language mode
Testing.__checkBinaryOperation(result.outputs["test_agent_output"],{ $0 != $1() },nil,expression: .__fromBinaryOperation(.__fromSyntaxNode(#"result.outputs["test_agent_output"]"#),"!=",.__fromSyntaxNode("nil")),comments: [],isRequired: false,sourceLocation: Testing.SourceLocation.__here()).__expected()
                                      ^
/Users/user/Documents/Chainworks Forge/Chainworks ForgeTests/SimulatedAgentExecutorTests.swift:90:9: note: in expansion of macro 'expect' here
        #expect(result.outputs["test_agent_output"] != nil)
        ^~~~~~~~~~~~~~~~~~~~~~~~~~~~~~~~~~~~~~~~~~~~~~~~~~~
/Users/user/Documents/Chainworks Forge/Chainworks ForgeTests/SimulatedAgentExecutorTests.swift:90:9: note: in expansion of macro 'expect' here
        #expect(result.outputs["test_agent_output"] != nil)
        ^~~~~~~~~~~~~~~~~~~~~~~~~~~~~~~~~~~~~~~~~~~~~~~~~~~
@__swiftmacro_21Chainworks_ForgeTests0038SimulatedAgentExecutorTestsswift_yoBAmfMX107_8_6expectfMf_.swift:1:57: warning: main actor-isolated property 'succeeded' can not be referenced from a nonisolated context
Testing.__checkPropertyAccess(result.self,getting: { $0.succeeded },expression: .__fromPropertyAccess(.__fromSyntaxNode("result"),.__fromSyntaxNode("succeeded")),comments: [],isRequired: false,sourceLocation: Testing.SourceLocation.__here()).__expected()
                                                        ^
/Users/user/Documents/Chainworks Forge/Chainworks ForgeTests/SimulatedAgentExecutorTests.swift:108:9: note: in expansion of macro 'expect' here
        #expect(result.succeeded)
        ^~~~~~~~~~~~~~~~~~~~~~~~~
/Users/user/Documents/Chainworks Forge/Chainworks ForgeTests/SimulatedAgentExecutorTests.swift:108:9: note: in expansion of macro 'expect' here
        #expect(result.succeeded)
        ^~~~~~~~~~~~~~~~~~~~~~~~~
Chainworks_Forge.AgentResult.succeeded:2:25: note: property declared here
@MainActor internal let succeeded: Bool}
                        ^
@__swiftmacro_21Chainworks_ForgeTests0038SimulatedAgentExecutorTestsswift_yoBAmfMX169_8_6expectfMf_.swift:1:57: warning: main actor-isolated property 'succeeded' can not be referenced from a nonisolated context
Testing.__checkPropertyAccess(result.self,getting: { $0.succeeded },expression: .__fromNegation(.__fromPropertyAccess(.__fromSyntaxNode("result"),.__fromSyntaxNode("succeeded")), false),comments: [],isRequired: false,sourceLocation: Testing.SourceLocation.__here()).__expected()
                                                        ^
/Users/user/Documents/Chainworks Forge/Chainworks ForgeTests/SimulatedAgentExecutorTests.swift:170:9: note: in expansion of macro 'expect' here
        #expect(!result.succeeded)
        ^~~~~~~~~~~~~~~~~~~~~~~~~~
/Users/user/Documents/Chainworks Forge/Chainworks ForgeTests/SimulatedAgentExecutorTests.swift:170:9: note: in expansion of macro 'expect' here
        #expect(!result.succeeded)
        ^~~~~~~~~~~~~~~~~~~~~~~~~~
Chainworks_Forge.AgentResult.succeeded:2:25: note: property declared here
@MainActor internal let succeeded: Bool}
                        ^
@__swiftmacro_21Chainworks_ForgeTests0038SimulatedAgentExecutorTestsswift_yoBAmfMX170_8_6expectfMf0_.swift:1:39: warning: main actor-isolated property 'errorMessage' cannot be accessed from outside of the actor; this is an error in the Swift 6 language mode
Testing.__checkBinaryOperation(result.errorMessage,{ $0 != $1() },nil,expression: .__fromBinaryOperation(.__fromSyntaxNode("result.errorMessage"),"!=",.__fromSyntaxNode("nil")),comments: [],isRequired: false,sourceLocation: Testing.SourceLocation.__here()).__expected()
                                      ^
/Users/user/Documents/Chainworks Forge/Chainworks ForgeTests/SimulatedAgentExecutorTests.swift:171:9: note: in expansion of macro 'expect' here
        #expect(result.errorMessage != nil)
        ^~~~~~~~~~~~~~~~~~~~~~~~~~~~~~~~~~~
/Users/user/Documents/Chainworks Forge/Chainworks ForgeTests/SimulatedAgentExecutorTests.swift:171:9: note: in expansion of macro 'expect' here
        #expect(result.errorMessage != nil)
        ^~~~~~~~~~~~~~~~~~~~~~~~~~~~~~~~~~~
@__swiftmacro_21Chainworks_ForgeTests0038SimulatedAgentExecutorTestsswift_yoBAmfMX171_8_6expectfMf1_.swift:1:38: warning: main actor-isolated property 'outputs' cannot be accessed from outside of the actor; this is an error in the Swift 6 language mode
Testing.__checkPropertyAccess(result.outputs.self,getting: { $0.isEmpty },expression: .__fromPropertyAccess(.__fromSyntaxNode("result.outputs"),.__fromSyntaxNode("isEmpty")),comments: [],isRequired: false,sourceLocation: Testing.SourceLocation.__here()).__expected()
                                     ^
/Users/user/Documents/Chainworks Forge/Chainworks ForgeTests/SimulatedAgentExecutorTests.swift:172:9: note: in expansion of macro 'expect' here
        #expect(result.outputs.isEmpty)
        ^~~~~~~~~~~~~~~~~~~~~~~~~~~~~~~
/Users/user/Documents/Chainworks Forge/Chainworks ForgeTests/SimulatedAgentExecutorTests.swift:172:9: note: in expansion of macro 'expect' here
        #expect(result.outputs.isEmpty)
        ^~~~~~~~~~~~~~~~~~~~~~~~~~~~~~~
@__swiftmacro_21Chainworks_ForgeTests0038SimulatedAgentExecutorTestsswift_yoBAmfMX192_8_6expectfMf_.swift:1:41: warning: main actor-isolated property 'executedTasks' cannot be accessed from outside of the actor; this is an error in the Swift 6 language mode
Testing.__checkBinaryOperation(executor.executedTasks.count,{ $0 == $1() },2,expression: .__fromBinaryOperation(.__fromSyntaxNode("executor.executedTasks.count"),"==",.__fromSyntaxNode("2")),comments: [],isRequired: false,sourceLocation: Testing.SourceLocation.__here()).__expected()
                                        ^
/Users/user/Documents/Chainworks Forge/Chainworks ForgeTests/SimulatedAgentExecutorTests.swift:193:9: note: in expansion of macro 'expect' here
        #expect(executor.executedTasks.count == 2)
        ^~~~~~~~~~~~~~~~~~~~~~~~~~~~~~~~~~~~~~~~~~
/Users/user/Documents/Chainworks Forge/Chainworks ForgeTests/SimulatedAgentExecutorTests.swift:193:9: note: in expansion of macro 'expect' here
        #expect(executor.executedTasks.count == 2)
        ^~~~~~~~~~~~~~~~~~~~~~~~~~~~~~~~~~~~~~~~~~
@__swiftmacro_21Chainworks_ForgeTests0038SimulatedAgentExecutorTestsswift_yoBAmfMX193_8_6expectfMf0_.swift:1:41: warning: main actor-isolated property 'executedTasks' cannot be accessed from outside of the actor; this is an error in the Swift 6 language mode
Testing.__checkBinaryOperation(executor.executedTasks[0].task,{ $0 == $1() },"task_1",expression: .__fromBinaryOperation(.__fromSyntaxNode("executor.executedTasks[0].task"),"==",.__fromStringLiteral(#""task_1""#, "task_1")),comments: [],isRequired: false,sourceLocation: Testing.SourceLocation.__here()).__expected()
                                        ^
/Users/user/Documents/Chainworks Forge/Chainworks ForgeTests/SimulatedAgentExecutorTests.swift:194:9: note: in expansion of macro 'expect' here
        #expect(executor.executedTasks[0].task == "task_1")
        ^~~~~~~~~~~~~~~~~~~~~~~~~~~~~~~~~~~~~~~~~~~~~~~~~~~
/Users/user/Documents/Chainworks Forge/Chainworks ForgeTests/SimulatedAgentExecutorTests.swift:194:9: note: in expansion of macro 'expect' here
        #expect(executor.executedTasks[0].task == "task_1")
        ^~~~~~~~~~~~~~~~~~~~~~~~~~~~~~~~~~~~~~~~~~~~~~~~~~~
@__swiftmacro_21Chainworks_ForgeTests0038SimulatedAgentExecutorTestsswift_yoBAmfMX194_8_6expectfMf1_.swift:1:41: warning: main actor-isolated property 'executedTasks' cannot be accessed from outside of the actor; this is an error in the Swift 6 language mode
Testing.__checkBinaryOperation(executor.executedTasks[1].stageID,{ $0 == $1() },"stage_2",expression: .__fromBinaryOperation(.__fromSyntaxNode("executor.executedTasks[1].stageID"),"==",.__fromStringLiteral(#""stage_2""#, "stage_2")),comments: [],isRequired: false,sourceLocation: Testing.SourceLocation.__here()).__expected()
                                        ^
/Users/user/Documents/Chainworks Forge/Chainworks ForgeTests/SimulatedAgentExecutorTests.swift:195:9: note: in expansion of macro 'expect' here
        #expect(executor.executedTasks[1].stageID == "stage_2")
        ^~~~~~~~~~~~~~~~~~~~~~~~~~~~~~~~~~~~~~~~~~~~~~~~~~~~~~~
/Users/user/Documents/Chainworks Forge/Chainworks ForgeTests/SimulatedAgentExecutorTests.swift:195:9: note: in expansion of macro 'expect' here
        #expect(executor.executedTasks[1].stageID == "stage_2")
        ^~~~~~~~~~~~~~~~~~~~~~~~~~~~~~~~~~~~~~~~~~~~~~~~~~~~~~~
@__swiftmacro_21Chainworks_ForgeTests0038SimulatedAgentExecutorTestsswift_yoBAmfMX205_8_6expectfMf_.swift:1:40: warning: main actor-isolated property 'executedTasks' cannot be accessed from outside of the actor; this is an error in the Swift 6 language mode
Testing.__checkPropertyAccess(executor.executedTasks.self,getting: { $0.isEmpty },expression: .__fromPropertyAccess(.__fromSyntaxNode("executor.executedTasks"),.__fromSyntaxNode("isEmpty")),comments: [],isRequired: false,sourceLocation: Testing.SourceLocation.__here()).__expected()
                                       ^
/Users/user/Documents/Chainworks Forge/Chainworks ForgeTests/SimulatedAgentExecutorTests.swift:206:9: note: in expansion of macro 'expect' here
        #expect(executor.executedTasks.isEmpty)
        ^~~~~~~~~~~~~~~~~~~~~~~~~~~~~~~~~~~~~~~
/Users/user/Documents/Chainworks Forge/Chainworks ForgeTests/SimulatedAgentExecutorTests.swift:206:9: note: in expansion of macro 'expect' here
        #expect(executor.executedTasks.isEmpty)
        ^~~~~~~~~~~~~~~~~~~~~~~~~~~~~~~~~~~~~~~
@__swiftmacro_21Chainworks_ForgeTests0038SimulatedAgentExecutorTestsswift_yoBAmfMX206_8_6expectfMf0_.swift:1:40: warning: main actor-isolated property 'failingAgentIDs' cannot be accessed from outside of the actor; this is an error in the Swift 6 language mode
Testing.__checkPropertyAccess(executor.failingAgentIDs.self,getting: { $0.isEmpty },expression: .__fromPropertyAccess(.__fromSyntaxNode("executor.failingAgentIDs"),.__fromSyntaxNode("isEmpty")),comments: [],isRequired: false,sourceLocation: Testing.SourceLocation.__here()).__expected()
                                       ^
/Users/user/Documents/Chainworks Forge/Chainworks ForgeTests/SimulatedAgentExecutorTests.swift:207:9: note: in expansion of macro 'expect' here
        #expect(executor.failingAgentIDs.isEmpty)
        ^~~~~~~~~~~~~~~~~~~~~~~~~~~~~~~~~~~~~~~~~
/Users/user/Documents/Chainworks Forge/Chainworks ForgeTests/SimulatedAgentExecutorTests.swift:207:9: note: in expansion of macro 'expect' here
        #expect(executor.failingAgentIDs.isEmpty)
        ^~~~~~~~~~~~~~~~~~~~~~~~~~~~~~~~~~~~~~~~~
@__swiftmacro_21Chainworks_ForgeTests0038SimulatedAgentExecutorTestsswift_yoBAmfMX261_8_6expectfMf_.swift:1:39: warning: main actor-isolated property 'costCents' cannot be accessed from outside of the actor; this is an error in the Swift 6 language mode
Testing.__checkBinaryOperation(result.costCents,{ $0 != $1() },nil,expression: .__fromBinaryOperation(.__fromSyntaxNode("result.costCents"),"!=",.__fromSyntaxNode("nil")),comments: [.__line("// §6.2: default 100 cents per execution")],isRequired: false,sourceLocation: Testing.SourceLocation.__here()).__expected()
/Users/user/Documents/Chainworks Forge/Chainworks ForgeTests/SimulatedAgentExecutorTests.swift:262:9: note: in expansion of macro 'expect' here
        #expect(result.costCents != nil)
        ^~~~~~~~~~~~~~~~~~~~~~~~~~~~~~~~
/Users/user/Documents/Chainworks Forge/Chainworks ForgeTests/SimulatedAgentExecutorTests.swift:262:9: note: in expansion of macro 'expect' here
        #expect(result.costCents != nil)
        ^~~~~~~~~~~~~~~~~~~~~~~~~~~~~~~~
@__swiftmacro_21Chainworks_ForgeTests0038SimulatedAgentExecutorTestsswift_yoBAmfMX262_8_6expectfMf0_.swift:1:39: warning: main actor-isolated property 'costCents' cannot be accessed from outside of the actor; this is an error in the Swift 6 language mode
Testing.__checkBinaryOperation(result.costCents,{ $0 == $1() },100,expression: .__fromBinaryOperation(.__fromSyntaxNode("result.costCents"),"==",.__fromSyntaxNode("100")),comments: [],isRequired: false,sourceLocation: Testing.SourceLocation.__here()).__expected()
                                      ^
/Users/user/Documents/Chainworks Forge/Chainworks ForgeTests/SimulatedAgentExecutorTests.swift:263:9: note: in expansion of macro 'expect' here
        #expect(result.costCents == 100)
        ^~~~~~~~~~~~~~~~~~~~~~~~~~~~~~~~
/Users/user/Documents/Chainworks Forge/Chainworks ForgeTests/SimulatedAgentExecutorTests.swift:263:9: note: in expansion of macro 'expect' here
        #expect(result.costCents == 100)
        ^~~~~~~~~~~~~~~~~~~~~~~~~~~~~~~~
@__swiftmacro_21Chainworks_ForgeTests0038SimulatedAgentExecutorTestsswift_yoBAmfMX276_8_6expectfMf_.swift:1:39: warning: main actor-isolated property 'sessionID' cannot be accessed from outside of the actor; this is an error in the Swift 6 language mode
Testing.__checkBinaryOperation(result.sessionID,{ $0 != $1() },nil,expression: .__fromBinaryOperation(.__fromSyntaxNode("result.sessionID"),"!=",.__fromSyntaxNode("nil")),comments: ["AgentResult.sessionID must be set (§6.1)"],isRequired: false,sourceLocation: Testing.SourceLocation.__here()).__expected()
/Users/user/Documents/Chainworks Forge/Chainworks ForgeTests/SimulatedAgentExecutorTests.swift:277:9: note: in expansion of macro 'expect' here
        #expect(result.sessionID != nil, "AgentResult.sessionID must be set (§6.1)")
/Users/user/Documents/Chainworks Forge/Chainworks ForgeTests/SimulatedAgentExecutorTests.swift:277:9: note: in expansion of macro 'expect' here
        #expect(result.sessionID != nil, "AgentResult.sessionID must be set (§6.1)")
@__swiftmacro_21Chainworks_ForgeTests0038SimulatedAgentExecutorTestsswift_yoBAmfMX277_8_6expectfMf0_.swift:1:36: warning: main actor-isolated property 'sessionID' cannot be accessed from outside of the actor; this is an error in the Swift 6 language mode
Testing.__checkFunctionCall(result.sessionID!.self,calling: {
                                   ^
/Users/user/Documents/Chainworks Forge/Chainworks ForgeTests/SimulatedAgentExecutorTests.swift:278:9: note: in expansion of macro 'expect' here
        #expect(result.sessionID!.hasPrefix("sim-"), "Simulated sessions use 'sim-' prefix")
        ^~~~~~~~~~~~~~~~~~~~~~~~~~~~~~~~~~~~~~~~~~~~~~~~~~~~~~~~~~~~~~~~~~~~~~~~~~~~~~~~~~~~
/Users/user/Documents/Chainworks Forge/Chainworks ForgeTests/SimulatedAgentExecutorTests.swift:278:9: note: in expansion of macro 'expect' here
        #expect(result.sessionID!.hasPrefix("sim-"), "Simulated sessions use 'sim-' prefix")
        ^~~~~~~~~~~~~~~~~~~~~~~~~~~~~~~~~~~~~~~~~~~~~~~~~~~~~~~~~~~~~~~~~~~~~~~~~~~~~~~~~~~~
@__swiftmacro_21Chainworks_ForgeTests0038SimulatedAgentExecutorTestsswift_yoBAmfMX278_8_6expectfMf1_.swift:1:39: warning: main actor-isolated property 'durationSeconds' cannot be accessed from outside of the actor; this is an error in the Swift 6 language mode
Testing.__checkBinaryOperation(result.durationSeconds,{ $0 >= $1() },0,expression: .__fromBinaryOperation(.__fromSyntaxNode("result.durationSeconds"),">=",.__fromSyntaxNode("0")),comments: ["AgentResult.durationSeconds must be non-negative (§6.1)"],isRequired: false,sourceLocation: Testing.SourceLocation.__here()).__expected()
/Users/user/Documents/Chainworks Forge/Chainworks ForgeTests/SimulatedAgentExecutorTests.swift:279:9: note: in expansion of macro 'expect' here
        #expect(result.durationSeconds >= 0, "AgentResult.durationSeconds must be non-negative (§6.1)")
/Users/user/Documents/Chainworks Forge/Chainworks ForgeTests/SimulatedAgentExecutorTests.swift:279:9: note: in expansion of macro 'expect' here
        #expect(result.durationSeconds >= 0, "AgentResult.durationSeconds must be non-negative (§6.1)")

SwiftCompile normal arm64 /Users/user/Documents/Chainworks\ Forge/Chainworks\ ForgeTests/SimulatedAgentExecutorTests.swift (in target 'Chainworks ForgeTests' from project 'Chainworks Forge')
    cd /Users/user/Documents/Chainworks\ Forge
    
/Users/user/Documents/Chainworks Forge/Chainworks ForgeTests/SimulatedAgentExecutorTests.swift:35:29: error: missing argument for parameter 'ownerExecutionLineageID' in call
            attemptNumber: 1,
                            ^
                            , ownerExecutionLineageID: <#UUID#>
Chainworks_Forge.ExecutionContext.init:2:21: note: 'init(workspace:projectRoot:stageID:stageLineageID:ownerExecutionLineageID:iteration:attemptNumber:inputArtifacts:variables:ideaBody:providerBinding:catalog:sessionLineageID:)' declared here
@MainActor internal init(workspace: Chainworks_Forge.RunWorkspace, projectRoot: URL? = nil, stageID: String, stageLineageID: String? = nil, ownerExecutionLineageID: UUID, iteration: Int, attemptNumber: Int, inputArtifacts: [String : Data], variables: [String : Chainworks_Forge.AnyCodableValue], ideaBody: String, providerBinding: Chainworks_Forge.ResolvedProviderBinding?, catalog: Chainworks_Forge.AgentCatalog? = nil, sessionLineageID: UUID? = nil)}
                    ^
@__swiftmacro_21Chainworks_ForgeTests0038SimulatedAgentExecutorTestsswift_yoBAmfMX57_8_6expectfMf_.swift:1:57: warning: main actor-isolated property 'succeeded' can not be referenced from a nonisolated context
Testing.__checkPropertyAccess(result.self,getting: { $0.succeeded },expression: .__fromPropertyAccess(.__fromSyntaxNode("result"),.__fromSyntaxNode("succeeded")),comments: [],isRequired: false,sourceLocation: Testing.SourceLocation.__here()).__expected()
                                                        ^
/Users/user/Documents/Chainworks Forge/Chainworks ForgeTests/SimulatedAgentExecutorTests.swift:58:9: note: in expansion of macro 'expect' here
        #expect(result.succeeded)
        ^~~~~~~~~~~~~~~~~~~~~~~~~
/Users/user/Documents/Chainworks Forge/Chainworks ForgeTests/SimulatedAgentExecutorTests.swift:58:9: note: in expansion of macro 'expect' here
        #expect(result.succeeded)
        ^~~~~~~~~~~~~~~~~~~~~~~~~
Chainworks_Forge.AgentResult.succeeded:2:25: note: property declared here
@MainActor internal let succeeded: Bool}
                        ^
/Users/user/Documents/Chainworks Forge/Chainworks ForgeTests/SimulatedAgentExecutorTests.swift:51:24: warning: main actor-isolated initializer 'init(simulatedDelay:catalog:)' cannot be called from outside of the actor; this is an error in the Swift 6 language mode
        let executor = SimulatedAgentExecutor()
                       ^~~~~~~~~~~~~~~~~~~~~~~~
                       await 
@__swiftmacro_21Chainworks_ForgeTests0038SimulatedAgentExecutorTestsswift_yoBAmfMX58_8_6expectfMf0_.swift:1:39: warning: main actor-isolated property 'errorMessage' cannot be accessed from outside of the actor; this is an error in the Swift 6 language mode
Testing.__checkBinaryOperation(result.errorMessage,{ $0 == $1() },nil,expression: .__fromBinaryOperation(.__fromSyntaxNode("result.errorMessage"),"==",.__fromSyntaxNode("nil")),comments: [],isRequired: false,sourceLocation: Testing.SourceLocation.__here()).__expected()
                                      ^
/Users/user/Documents/Chainworks Forge/Chainworks ForgeTests/SimulatedAgentExecutorTests.swift:59:9: note: in expansion of macro 'expect' here
        #expect(result.errorMessage == nil)
        ^~~~~~~~~~~~~~~~~~~~~~~~~~~~~~~~~~~
/Users/user/Documents/Chainworks Forge/Chainworks ForgeTests/SimulatedAgentExecutorTests.swift:59:9: note: in expansion of macro 'expect' here
        #expect(result.errorMessage == nil)
        ^~~~~~~~~~~~~~~~~~~~~~~~~~~~~~~~~~~
@__swiftmacro_21Chainworks_ForgeTests0038SimulatedAgentExecutorTestsswift_yoBAmfMX59_8_6expectfMf1_.swift:1:38: warning: main actor-isolated property 'outputs' cannot be accessed from outside of the actor; this is an error in the Swift 6 language mode
Testing.__checkPropertyAccess(result.outputs.self,getting: { $0.isEmpty },expression: .__fromNegation(.__fromPropertyAccess(.__fromSyntaxNode("result.outputs"),.__fromSyntaxNode("isEmpty")), false),comments: [],isRequired: false,sourceLocation: Testing.SourceLocation.__here()).__expected()
                                     ^
/Users/user/Documents/Chainworks Forge/Chainworks ForgeTests/SimulatedAgentExecutorTests.swift:60:9: note: in expansion of macro 'expect' here
        #expect(!result.outputs.isEmpty)
        ^~~~~~~~~~~~~~~~~~~~~~~~~~~~~~~~
/Users/user/Documents/Chainworks Forge/Chainworks ForgeTests/SimulatedAgentExecutorTests.swift:60:9: note: in expansion of macro 'expect' here
        #expect(!result.outputs.isEmpty)
        ^~~~~~~~~~~~~~~~~~~~~~~~~~~~~~~~
@__swiftmacro_21Chainworks_ForgeTests0038SimulatedAgentExecutorTestsswift_yoBAmfMX60_8_6expectfMf2_.swift:1:39: warning: main actor-isolated property 'logSnippet' cannot be accessed from outside of the actor; this is an error in the Swift 6 language mode
Testing.__checkBinaryOperation(result.logSnippet,{ $0 != $1() },nil,expression: .__fromBinaryOperation(.__fromSyntaxNode("result.logSnippet"),"!=",.__fromSyntaxNode("nil")),comments: [],isRequired: false,sourceLocation: Testing.SourceLocation.__here()).__expected()
                                      ^
/Users/user/Documents/Chainworks Forge/Chainworks ForgeTests/SimulatedAgentExecutorTests.swift:61:9: note: in expansion of macro 'expect' here
        #expect(result.logSnippet != nil)
        ^~~~~~~~~~~~~~~~~~~~~~~~~~~~~~~~~
/Users/user/Documents/Chainworks Forge/Chainworks ForgeTests/SimulatedAgentExecutorTests.swift:61:9: note: in expansion of macro 'expect' here
        #expect(result.logSnippet != nil)
        ^~~~~~~~~~~~~~~~~~~~~~~~~~~~~~~~~
@__swiftmacro_21Chainworks_ForgeTests0038SimulatedAgentExecutorTestsswift_yoBAmfMX72_8_6expectfMf_.swift:1:57: warning: main actor-isolated property 'succeeded' can not be referenced from a nonisolated context
Testing.__checkPropertyAccess(result.self,getting: { $0.succeeded },expression: .__fromPropertyAccess(.__fromSyntaxNode("result"),.__fromSyntaxNode("succeeded")),comments: [],isRequired: false,sourceLocation: Testing.SourceLocation.__here()).__expected()
                                                        ^
/Users/user/Documents/Chainworks Forge/Chainworks ForgeTests/SimulatedAgentExecutorTests.swift:73:9: note: in expansion of macro 'expect' here
        #expect(result.succeeded)
        ^~~~~~~~~~~~~~~~~~~~~~~~~
/Users/user/Documents/Chainworks Forge/Chainworks ForgeTests/SimulatedAgentExecutorTests.swift:73:9: note: in expansion of macro 'expect' here
        #expect(result.succeeded)
        ^~~~~~~~~~~~~~~~~~~~~~~~~
Chainworks_Forge.AgentResult.succeeded:2:25: note: property declared here
@MainActor internal let succeeded: Bool}
                        ^
/Users/user/Documents/Chainworks Forge/Chainworks ForgeTests/SimulatedAgentExecutorTests.swift:66:24: warning: main actor-isolated initializer 'init(simulatedDelay:catalog:)' cannot be called from outside of the actor; this is an error in the Swift 6 language mode
        let executor = SimulatedAgentExecutor()
                       ^~~~~~~~~~~~~~~~~~~~~~~~
                       await 
@__swiftmacro_21Chainworks_ForgeTests0038SimulatedAgentExecutorTestsswift_yoBAmfMX73_8_6expectfMf0_.swift:1:39: warning: main actor-isolated property 'outputs' cannot be accessed from outside of the actor; this is an error in the Swift 6 language mode
Testing.__checkBinaryOperation(result.outputs.count,{ $0 == $1() },2,expression: .__fromBinaryOperation(.__fromSyntaxNode("result.outputs.count"),"==",.__fromSyntaxNode("2")),comments: [],isRequired: false,sourceLocation: Testing.SourceLocation.__here()).__expected()
                                      ^
/Users/user/Documents/Chainworks Forge/Chainworks ForgeTests/SimulatedAgentExecutorTests.swift:74:9: note: in expansion of macro 'expect' here
        #expect(result.outputs.count == 2)
        ^~~~~~~~~~~~~~~~~~~~~~~~~~~~~~~~~~
/Users/user/Documents/Chainworks Forge/Chainworks ForgeTests/SimulatedAgentExecutorTests.swift:74:9: note: in expansion of macro 'expect' here
        #expect(result.outputs.count == 2)
        ^~~~~~~~~~~~~~~~~~~~~~~~~~~~~~~~~~
@__swiftmacro_21Chainworks_ForgeTests0038SimulatedAgentExecutorTestsswift_yoBAmfMX74_8_6expectfMf1_.swift:1:39: warning: main actor-isolated property 'outputs' cannot be accessed from outside of the actor; this is an error in the Swift 6 language mode
Testing.__checkBinaryOperation(result.outputs["proposal_current"],{ $0 != $1() },nil,expression: .__fromBinaryOperation(.__fromSyntaxNode(#"result.outputs["proposal_current"]"#),"!=",.__fromSyntaxNode("nil")),comments: [],isRequired: false,sourceLocation: Testing.SourceLocation.__here()).__expected()
                                      ^
/Users/user/Documents/Chainworks Forge/Chainworks ForgeTests/SimulatedAgentExecutorTests.swift:75:9: note: in expansion of macro 'expect' here
        #expect(result.outputs["proposal_current"] != nil)
        ^~~~~~~~~~~~~~~~~~~~~~~~~~~~~~~~~~~~~~~~~~~~~~~~~~
/Users/user/Documents/Chainworks Forge/Chainworks ForgeTests/SimulatedAgentExecutorTests.swift:75:9: note: in expansion of macro 'expect' here
        #expect(result.outputs["proposal_current"] != nil)
        ^~~~~~~~~~~~~~~~~~~~~~~~~~~~~~~~~~~~~~~~~~~~~~~~~~
@__swiftmacro_21Chainworks_ForgeTests0038SimulatedAgentExecutorTestsswift_yoBAmfMX75_8_6expectfMf2_.swift:1:39: warning: main actor-isolated property 'outputs' cannot be accessed from outside of the actor; this is an error in the Swift 6 language mode
Testing.__checkBinaryOperation(result.outputs["idea_brief"],{ $0 != $1() },nil,expression: .__fromBinaryOperation(.__fromSyntaxNode(#"result.outputs["idea_brief"]"#),"!=",.__fromSyntaxNode("nil")),comments: [],isRequired: false,sourceLocation: Testing.SourceLocation.__here()).__expected()
                                      ^
/Users/user/Documents/Chainworks Forge/Chainworks ForgeTests/SimulatedAgentExecutorTests.swift:76:9: note: in expansion of macro 'expect' here
        #expect(result.outputs["idea_brief"] != nil)
        ^~~~~~~~~~~~~~~~~~~~~~~~~~~~~~~~~~~~~~~~~~~~
/Users/user/Documents/Chainworks Forge/Chainworks ForgeTests/SimulatedAgentExecutorTests.swift:76:9: note: in expansion of macro 'expect' here
        #expect(result.outputs["idea_brief"] != nil)
        ^~~~~~~~~~~~~~~~~~~~~~~~~~~~~~~~~~~~~~~~~~~~
@__swiftmacro_21Chainworks_ForgeTests0038SimulatedAgentExecutorTestsswift_yoBAmfMX87_8_6expectfMf_.swift:1:57: warning: main actor-isolated property 'succeeded' can not be referenced from a nonisolated context
Testing.__checkPropertyAccess(result.self,getting: { $0.succeeded },expression: .__fromPropertyAccess(.__fromSyntaxNode("result"),.__fromSyntaxNode("succeeded")),comments: [],isRequired: false,sourceLocation: Testing.SourceLocation.__here()).__expected()
                                                        ^
/Users/user/Documents/Chainworks Forge/Chainworks ForgeTests/SimulatedAgentExecutorTests.swift:88:9: note: in expansion of macro 'expect' here
        #expect(result.succeeded)
        ^~~~~~~~~~~~~~~~~~~~~~~~~
/Users/user/Documents/Chainworks Forge/Chainworks ForgeTests/SimulatedAgentExecutorTests.swift:88:9: note: in expansion of macro 'expect' here
        #expect(result.succeeded)
        ^~~~~~~~~~~~~~~~~~~~~~~~~
Chainworks_Forge.AgentResult.succeeded:2:25: note: property declared here
@MainActor internal let succeeded: Bool}
                        ^
/Users/user/Documents/Chainworks Forge/Chainworks ForgeTests/SimulatedAgentExecutorTests.swift:81:24: warning: main actor-isolated initializer 'init(simulatedDelay:catalog:)' cannot be called from outside of the actor; this is an error in the Swift 6 language mode
        let executor = SimulatedAgentExecutor()
                       ^~~~~~~~~~~~~~~~~~~~~~~~
                       await 
@__swiftmacro_21Chainworks_ForgeTests0038SimulatedAgentExecutorTestsswift_yoBAmfMX88_8_6expectfMf0_.swift:1:39: warning: main actor-isolated property 'outputs' cannot be accessed from outside of the actor; this is an error in the Swift 6 language mode
Testing.__checkBinaryOperation(result.outputs.count,{ $0 == $1() },1,expression: .__fromBinaryOperation(.__fromSyntaxNode("result.outputs.count"),"==",.__fromSyntaxNode("1")),comments: [],isRequired: false,sourceLocation: Testing.SourceLocation.__here()).__expected()
                                      ^
/Users/user/Documents/Chainworks Forge/Chainworks ForgeTests/SimulatedAgentExecutorTests.swift:89:9: note: in expansion of macro 'expect' here
        #expect(result.outputs.count == 1)
        ^~~~~~~~~~~~~~~~~~~~~~~~~~~~~~~~~~
/Users/user/Documents/Chainworks Forge/Chainworks ForgeTests/SimulatedAgentExecutorTests.swift:89:9: note: in expansion of macro 'expect' here
        #expect(result.outputs.count == 1)
        ^~~~~~~~~~~~~~~~~~~~~~~~~~~~~~~~~~
@__swiftmacro_21Chainworks_ForgeTests0038SimulatedAgentExecutorTestsswift_yoBAmfMX89_8_6expectfMf1_.swift:1:39: warning: main actor-isolated property 'outputs' cannot be accessed from outside of the actor; this is an error in the Swift 6 language mode
Testing.__checkBinaryOperation(result.outputs["test_agent_output"],{ $0 != $1() },nil,expression: .__fromBinaryOperation(.__fromSyntaxNode(#"result.outputs["test_agent_output"]"#),"!=",.__fromSyntaxNode("nil")),comments: [],isRequired: false,sourceLocation: Testing.SourceLocation.__here()).__expected()
                                      ^
/Users/user/Documents/Chainworks Forge/Chainworks ForgeTests/SimulatedAgentExecutorTests.swift:90:9: note: in expansion of macro 'expect' here
        #expect(result.outputs["test_agent_output"] != nil)
        ^~~~~~~~~~~~~~~~~~~~~~~~~~~~~~~~~~~~~~~~~~~~~~~~~~~
/Users/user/Documents/Chainworks Forge/Chainworks ForgeTests/SimulatedAgentExecutorTests.swift:90:9: note: in expansion of macro 'expect' here
        #expect(result.outputs["test_agent_output"] != nil)
        ^~~~~~~~~~~~~~~~~~~~~~~~~~~~~~~~~~~~~~~~~~~~~~~~~~~
@__swiftmacro_21Chainworks_ForgeTests0038SimulatedAgentExecutorTestsswift_yoBAmfMX107_8_6expectfMf_.swift:1:57: warning: main actor-isolated property 'succeeded' can not be referenced from a nonisolated context
Testing.__checkPropertyAccess(result.self,getting: { $0.succeeded },expression: .__fromPropertyAccess(.__fromSyntaxNode("result"),.__fromSyntaxNode("succeeded")),comments: [],isRequired: false,sourceLocation: Testing.SourceLocation.__here()).__expected()
                                                        ^
/Users/user/Documents/Chainworks Forge/Chainworks ForgeTests/SimulatedAgentExecutorTests.swift:108:9: note: in expansion of macro 'expect' here
        #expect(result.succeeded)
        ^~~~~~~~~~~~~~~~~~~~~~~~~
/Users/user/Documents/Chainworks Forge/Chainworks ForgeTests/SimulatedAgentExecutorTests.swift:108:9: note: in expansion of macro 'expect' here
        #expect(result.succeeded)
        ^~~~~~~~~~~~~~~~~~~~~~~~~
Chainworks_Forge.AgentResult.succeeded:2:25: note: property declared here
@MainActor internal let succeeded: Bool}
                        ^
/Users/user/Documents/Chainworks Forge/Chainworks ForgeTests/SimulatedAgentExecutorTests.swift:97:24: warning: main actor-isolated initializer 'init(simulatedDelay:catalog:)' cannot be called from outside of the actor; this is an error in the Swift 6 language mode
        let executor = SimulatedAgentExecutor()
                       ^~~~~~~~~~~~~~~~~~~~~~~~
                       await 
/Users/user/Documents/Chainworks Forge/Chainworks ForgeTests/SimulatedAgentExecutorTests.swift:111:27: warning: main actor-isolated property 'outputs' cannot be accessed from outside of the actor; this is an error in the Swift 6 language mode
        let data = result.outputs["proposal_review_po"]!
                   ~~~~~~~^~~~~~~~~~~~~~~~~~~~~~~~~~~~~~
                   await 
/Users/user/Documents/Chainworks Forge/Chainworks ForgeTests/SimulatedAgentExecutorTests.swift:163:18: warning: main actor-isolated property 'failingAgentIDs' can not be mutated from a nonisolated context
        executor.failingAgentIDs = ["bad_agent"]
                 ^
/Users/user/Documents/Chainworks Forge/Chainworks ForgeTests/SimulatedAgentExecutorTests.swift:163:18: note: consider declaring an isolated method on 'MainActor' to perform the mutation
        executor.failingAgentIDs = ["bad_agent"]
                 ^
Chainworks_Forge.SimulatedAgentExecutor.failingAgentIDs:2:25: note: mutation of this property is only permitted within the actor
@MainActor internal var failingAgentIDs: Set<String>}
                        ^
@__swiftmacro_21Chainworks_ForgeTests0038SimulatedAgentExecutorTestsswift_yoBAmfMX169_8_6expectfMf_.swift:1:57: warning: main actor-isolated property 'succeeded' can not be referenced from a nonisolated context
Testing.__checkPropertyAccess(result.self,getting: { $0.succeeded },expression: .__fromNegation(.__fromPropertyAccess(.__fromSyntaxNode("result"),.__fromSyntaxNode("succeeded")), false),comments: [],isRequired: false,sourceLocation: Testing.SourceLocation.__here()).__expected()
                                                        ^
/Users/user/Documents/Chainworks Forge/Chainworks ForgeTests/SimulatedAgentExecutorTests.swift:170:9: note: in expansion of macro 'expect' here
        #expect(!result.succeeded)
        ^~~~~~~~~~~~~~~~~~~~~~~~~~
/Users/user/Documents/Chainworks Forge/Chainworks ForgeTests/SimulatedAgentExecutorTests.swift:170:9: note: in expansion of macro 'expect' here
        #expect(!result.succeeded)
        ^~~~~~~~~~~~~~~~~~~~~~~~~~
Chainworks_Forge.AgentResult.succeeded:2:25: note: property declared here
@MainActor internal let succeeded: Bool}
                        ^
/Users/user/Documents/Chainworks Forge/Chainworks ForgeTests/SimulatedAgentExecutorTests.swift:162:24: warning: main actor-isolated initializer 'init(simulatedDelay:catalog:)' cannot be called from outside of the actor; this is an error in the Swift 6 language mode
        let executor = SimulatedAgentExecutor()
                       ^~~~~~~~~~~~~~~~~~~~~~~~
                       await 
@__swiftmacro_21Chainworks_ForgeTests0038SimulatedAgentExecutorTestsswift_yoBAmfMX170_8_6expectfMf0_.swift:1:39: warning: main actor-isolated property 'errorMessage' cannot be accessed from outside of the actor; this is an error in the Swift 6 language mode
Testing.__checkBinaryOperation(result.errorMessage,{ $0 != $1() },nil,expression: .__fromBinaryOperation(.__fromSyntaxNode("result.errorMessage"),"!=",.__fromSyntaxNode("nil")),comments: [],isRequired: false,sourceLocation: Testing.SourceLocation.__here()).__expected()
                                      ^
/Users/user/Documents/Chainworks Forge/Chainworks ForgeTests/SimulatedAgentExecutorTests.swift:171:9: note: in expansion of macro 'expect' here
        #expect(result.errorMessage != nil)
        ^~~~~~~~~~~~~~~~~~~~~~~~~~~~~~~~~~~
/Users/user/Documents/Chainworks Forge/Chainworks ForgeTests/SimulatedAgentExecutorTests.swift:171:9: note: in expansion of macro 'expect' here
        #expect(result.errorMessage != nil)
        ^~~~~~~~~~~~~~~~~~~~~~~~~~~~~~~~~~~
@__swiftmacro_21Chainworks_ForgeTests0038SimulatedAgentExecutorTestsswift_yoBAmfMX171_8_6expectfMf1_.swift:1:38: warning: main actor-isolated property 'outputs' cannot be accessed from outside of the actor; this is an error in the Swift 6 language mode
Testing.__checkPropertyAccess(result.outputs.self,getting: { $0.isEmpty },expression: .__fromPropertyAccess(.__fromSyntaxNode("result.outputs"),.__fromSyntaxNode("isEmpty")),comments: [],isRequired: false,sourceLocation: Testing.SourceLocation.__here()).__expected()
                                     ^
/Users/user/Documents/Chainworks Forge/Chainworks ForgeTests/SimulatedAgentExecutorTests.swift:172:9: note: in expansion of macro 'expect' here
        #expect(result.outputs.isEmpty)
        ^~~~~~~~~~~~~~~~~~~~~~~~~~~~~~~
/Users/user/Documents/Chainworks Forge/Chainworks ForgeTests/SimulatedAgentExecutorTests.swift:172:9: note: in expansion of macro 'expect' here
        #expect(result.outputs.isEmpty)
        ^~~~~~~~~~~~~~~~~~~~~~~~~~~~~~~
/Users/user/Documents/Chainworks Forge/Chainworks ForgeTests/SimulatedAgentExecutorTests.swift:179:24: warning: main actor-isolated initializer 'init(simulatedDelay:catalog:)' cannot be called from outside of the actor; this is an error in the Swift 6 language mode
        let executor = SimulatedAgentExecutor()
                       ^~~~~~~~~~~~~~~~~~~~~~~~
                       await 
@__swiftmacro_21Chainworks_ForgeTests0038SimulatedAgentExecutorTestsswift_yoBAmfMX192_8_6expectfMf_.swift:1:41: warning: main actor-isolated property 'executedTasks' cannot be accessed from outside of the actor; this is an error in the Swift 6 language mode
Testing.__checkBinaryOperation(executor.executedTasks.count,{ $0 == $1() },2,expression: .__fromBinaryOperation(.__fromSyntaxNode("executor.executedTasks.count"),"==",.__fromSyntaxNode("2")),comments: [],isRequired: false,sourceLocation: Testing.SourceLocation.__here()).__expected()
                                        ^
/Users/user/Documents/Chainworks Forge/Chainworks ForgeTests/SimulatedAgentExecutorTests.swift:193:9: note: in expansion of macro 'expect' here
        #expect(executor.executedTasks.count == 2)
        ^~~~~~~~~~~~~~~~~~~~~~~~~~~~~~~~~~~~~~~~~~
/Users/user/Documents/Chainworks Forge/Chainworks ForgeTests/SimulatedAgentExecutorTests.swift:193:9: note: in expansion of macro 'expect' here
        #expect(executor.executedTasks.count == 2)
        ^~~~~~~~~~~~~~~~~~~~~~~~~~~~~~~~~~~~~~~~~~
@__swiftmacro_21Chainworks_ForgeTests0038SimulatedAgentExecutorTestsswift_yoBAmfMX193_8_6expectfMf0_.swift:1:41: warning: main actor-isolated property 'executedTasks' cannot be accessed from outside of the actor; this is an error in the Swift 6 language mode
Testing.__checkBinaryOperation(executor.executedTasks[0].task,{ $0 == $1() },"task_1",expression: .__fromBinaryOperation(.__fromSyntaxNode("executor.executedTasks[0].task"),"==",.__fromStringLiteral(#""task_1""#, "task_1")),comments: [],isRequired: false,sourceLocation: Testing.SourceLocation.__here()).__expected()
                                        ^
/Users/user/Documents/Chainworks Forge/Chainworks ForgeTests/SimulatedAgentExecutorTests.swift:194:9: note: in expansion of macro 'expect' here
        #expect(executor.executedTasks[0].task == "task_1")
        ^~~~~~~~~~~~~~~~~~~~~~~~~~~~~~~~~~~~~~~~~~~~~~~~~~~
/Users/user/Documents/Chainworks Forge/Chainworks ForgeTests/SimulatedAgentExecutorTests.swift:194:9: note: in expansion of macro 'expect' here
        #expect(executor.executedTasks[0].task == "task_1")
        ^~~~~~~~~~~~~~~~~~~~~~~~~~~~~~~~~~~~~~~~~~~~~~~~~~~
@__swiftmacro_21Chainworks_ForgeTests0038SimulatedAgentExecutorTestsswift_yoBAmfMX194_8_6expectfMf1_.swift:1:41: warning: main actor-isolated property 'executedTasks' cannot be accessed from outside of the actor; this is an error in the Swift 6 language mode
Testing.__checkBinaryOperation(executor.executedTasks[1].stageID,{ $0 == $1() },"stage_2",expression: .__fromBinaryOperation(.__fromSyntaxNode("executor.executedTasks[1].stageID"),"==",.__fromStringLiteral(#""stage_2""#, "stage_2")),comments: [],isRequired: false,sourceLocation: Testing.SourceLocation.__here()).__expected()
                                        ^
/Users/user/Documents/Chainworks Forge/Chainworks ForgeTests/SimulatedAgentExecutorTests.swift:195:9: note: in expansion of macro 'expect' here
        #expect(executor.executedTasks[1].stageID == "stage_2")
        ^~~~~~~~~~~~~~~~~~~~~~~~~~~~~~~~~~~~~~~~~~~~~~~~~~~~~~~
/Users/user/Documents/Chainworks Forge/Chainworks ForgeTests/SimulatedAgentExecutorTests.swift:195:9: note: in expansion of macro 'expect' here
        #expect(executor.executedTasks[1].stageID == "stage_2")
        ^~~~~~~~~~~~~~~~~~~~~~~~~~~~~~~~~~~~~~~~~~~~~~~~~~~~~~~
/Users/user/Documents/Chainworks Forge/Chainworks ForgeTests/SimulatedAgentExecutorTests.swift:201:18: warning: main actor-isolated property 'failingAgentIDs' can not be mutated from a nonisolated context
        executor.failingAgentIDs = ["a"]
                 ^
/Users/user/Documents/Chainworks Forge/Chainworks ForgeTests/SimulatedAgentExecutorTests.swift:201:18: note: consider declaring an isolated method on 'MainActor' to perform the mutation
        executor.failingAgentIDs = ["a"]
                 ^
Chainworks_Forge.SimulatedAgentExecutor.failingAgentIDs:2:25: note: mutation of this property is only permitted within the actor
@MainActor internal var failingAgentIDs: Set<String>}
                        ^
/Users/user/Documents/Chainworks Forge/Chainworks ForgeTests/SimulatedAgentExecutorTests.swift:200:24: warning: main actor-isolated initializer 'init(simulatedDelay:catalog:)' cannot be called from outside of the actor; this is an error in the Swift 6 language mode
        let executor = SimulatedAgentExecutor()
                       ^~~~~~~~~~~~~~~~~~~~~~~~
                       await 
/Users/user/Documents/Chainworks Forge/Chainworks ForgeTests/SimulatedAgentExecutorTests.swift:205:18: warning: main actor-isolated instance method 'reset()' cannot be called from outside of the actor; this is an error in the Swift 6 language mode
        executor.reset()
        ~~~~~~~~~^~~~~~~
        await 
@__swiftmacro_21Chainworks_ForgeTests0038SimulatedAgentExecutorTestsswift_yoBAmfMX205_8_6expectfMf_.swift:1:40: warning: main actor-isolated property 'executedTasks' cannot be accessed from outside of the actor; this is an error in the Swift 6 language mode
Testing.__checkPropertyAccess(executor.executedTasks.self,getting: { $0.isEmpty },expression: .__fromPropertyAccess(.__fromSyntaxNode("executor.executedTasks"),.__fromSyntaxNode("isEmpty")),comments: [],isRequired: false,sourceLocation: Testing.SourceLocation.__here()).__expected()
                                       ^
/Users/user/Documents/Chainworks Forge/Chainworks ForgeTests/SimulatedAgentExecutorTests.swift:206:9: note: in expansion of macro 'expect' here
        #expect(executor.executedTasks.isEmpty)
        ^~~~~~~~~~~~~~~~~~~~~~~~~~~~~~~~~~~~~~~
/Users/user/Documents/Chainworks Forge/Chainworks ForgeTests/SimulatedAgentExecutorTests.swift:206:9: note: in expansion of macro 'expect' here
        #expect(executor.executedTasks.isEmpty)
        ^~~~~~~~~~~~~~~~~~~~~~~~~~~~~~~~~~~~~~~
@__swiftmacro_21Chainworks_ForgeTests0038SimulatedAgentExecutorTestsswift_yoBAmfMX206_8_6expectfMf0_.swift:1:40: warning: main actor-isolated property 'failingAgentIDs' cannot be accessed from outside of the actor; this is an error in the Swift 6 language mode
Testing.__checkPropertyAccess(executor.failingAgentIDs.self,getting: { $0.isEmpty },expression: .__fromPropertyAccess(.__fromSyntaxNode("executor.failingAgentIDs"),.__fromSyntaxNode("isEmpty")),comments: [],isRequired: false,sourceLocation: Testing.SourceLocation.__here()).__expected()
                                       ^
/Users/user/Documents/Chainworks Forge/Chainworks ForgeTests/SimulatedAgentExecutorTests.swift:207:9: note: in expansion of macro 'expect' here
        #expect(executor.failingAgentIDs.isEmpty)
        ^~~~~~~~~~~~~~~~~~~~~~~~~~~~~~~~~~~~~~~~~
/Users/user/Documents/Chainworks Forge/Chainworks ForgeTests/SimulatedAgentExecutorTests.swift:207:9: note: in expansion of macro 'expect' here
        #expect(executor.failingAgentIDs.isEmpty)
        ^~~~~~~~~~~~~~~~~~~~~~~~~~~~~~~~~~~~~~~~~
/Users/user/Documents/Chainworks Forge/Chainworks ForgeTests/SimulatedAgentExecutorTests.swift:254:24: warning: main actor-isolated initializer 'init(simulatedDelay:catalog:)' cannot be called from outside of the actor; this is an error in the Swift 6 language mode
        let executor = SimulatedAgentExecutor()
                       ^~~~~~~~~~~~~~~~~~~~~~~~
                       await 
@__swiftmacro_21Chainworks_ForgeTests0038SimulatedAgentExecutorTestsswift_yoBAmfMX261_8_6expectfMf_.swift:1:39: warning: main actor-isolated property 'costCents' cannot be accessed from outside of the actor; this is an error in the Swift 6 language mode
Testing.__checkBinaryOperation(result.costCents,{ $0 != $1() },nil,expression: .__fromBinaryOperation(.__fromSyntaxNode("result.costCents"),"!=",.__fromSyntaxNode("nil")),comments: [.__line("// §6.2: default 100 cents per execution")],isRequired: false,sourceLocation: Testing.SourceLocation.__here()).__expected()
/Users/user/Documents/Chainworks Forge/Chainworks ForgeTests/SimulatedAgentExecutorTests.swift:262:9: note: in expansion of macro 'expect' here
        #expect(result.costCents != nil)
        ^~~~~~~~~~~~~~~~~~~~~~~~~~~~~~~~
/Users/user/Documents/Chainworks Forge/Chainworks ForgeTests/SimulatedAgentExecutorTests.swift:262:9: note: in expansion of macro 'expect' here
        #expect(result.costCents != nil)
        ^~~~~~~~~~~~~~~~~~~~~~~~~~~~~~~~
@__swiftmacro_21Chainworks_ForgeTests0038SimulatedAgentExecutorTestsswift_yoBAmfMX262_8_6expectfMf0_.swift:1:39: warning: main actor-isolated property 'costCents' cannot be accessed from outside of the actor; this is an error in the Swift 6 language mode
Testing.__checkBinaryOperation(result.costCents,{ $0 == $1() },100,expression: .__fromBinaryOperation(.__fromSyntaxNode("result.costCents"),"==",.__fromSyntaxNode("100")),comments: [],isRequired: false,sourceLocation: Testing.SourceLocation.__here()).__expected()
                                      ^
/Users/user/Documents/Chainworks Forge/Chainworks ForgeTests/SimulatedAgentExecutorTests.swift:263:9: note: in expansion of macro 'expect' here
        #expect(result.costCents == 100)
        ^~~~~~~~~~~~~~~~~~~~~~~~~~~~~~~~
/Users/user/Documents/Chainworks Forge/Chainworks ForgeTests/SimulatedAgentExecutorTests.swift:263:9: note: in expansion of macro 'expect' here
        #expect(result.costCents == 100)
        ^~~~~~~~~~~~~~~~~~~~~~~~~~~~~~~~
/Users/user/Documents/Chainworks Forge/Chainworks ForgeTests/SimulatedAgentExecutorTests.swift:270:24: warning: main actor-isolated initializer 'init(simulatedDelay:catalog:)' cannot be called from outside of the actor; this is an error in the Swift 6 language mode
        let executor = SimulatedAgentExecutor()
                       ^~~~~~~~~~~~~~~~~~~~~~~~
                       await 
@__swiftmacro_21Chainworks_ForgeTests0038SimulatedAgentExecutorTestsswift_yoBAmfMX276_8_6expectfMf_.swift:1:39: warning: main actor-isolated property 'sessionID' cannot be accessed from outside of the actor; this is an error in the Swift 6 language mode
Testing.__checkBinaryOperation(result.sessionID,{ $0 != $1() },nil,expression: .__fromBinaryOperation(.__fromSyntaxNode("result.sessionID"),"!=",.__fromSyntaxNode("nil")),comments: ["AgentResult.sessionID must be set (§6.1)"],isRequired: false,sourceLocation: Testing.SourceLocation.__here()).__expected()
/Users/user/Documents/Chainworks Forge/Chainworks ForgeTests/SimulatedAgentExecutorTests.swift:277:9: note: in expansion of macro 'expect' here
        #expect(result.sessionID != nil, "AgentResult.sessionID must be set (§6.1)")
/Users/user/Documents/Chainworks Forge/Chainworks ForgeTests/SimulatedAgentExecutorTests.swift:277:9: note: in expansion of macro 'expect' here
        #expect(result.sessionID != nil, "AgentResult.sessionID must be set (§6.1)")
@__swiftmacro_21Chainworks_ForgeTests0038SimulatedAgentExecutorTestsswift_yoBAmfMX277_8_6expectfMf0_.swift:1:36: warning: main actor-isolated property 'sessionID' cannot be accessed from outside of the actor; this is an error in the Swift 6 language mode
Testing.__checkFunctionCall(result.sessionID!.self,calling: {
                                   ^
/Users/user/Documents/Chainworks Forge/Chainworks ForgeTests/SimulatedAgentExecutorTests.swift:278:9: note: in expansion of macro 'expect' here
        #expect(result.sessionID!.hasPrefix("sim-"), "Simulated sessions use 'sim-' prefix")
        ^~~~~~~~~~~~~~~~~~~~~~~~~~~~~~~~~~~~~~~~~~~~~~~~~~~~~~~~~~~~~~~~~~~~~~~~~~~~~~~~~~~~
/Users/user/Documents/Chainworks Forge/Chainworks ForgeTests/SimulatedAgentExecutorTests.swift:278:9: note: in expansion of macro 'expect' here
        #expect(result.sessionID!.hasPrefix("sim-"), "Simulated sessions use 'sim-' prefix")
        ^~~~~~~~~~~~~~~~~~~~~~~~~~~~~~~~~~~~~~~~~~~~~~~~~~~~~~~~~~~~~~~~~~~~~~~~~~~~~~~~~~~~
@__swiftmacro_21Chainworks_ForgeTests0038SimulatedAgentExecutorTestsswift_yoBAmfMX278_8_6expectfMf1_.swift:1:39: warning: main actor-isolated property 'durationSeconds' cannot be accessed from outside of the actor; this is an error in the Swift 6 language mode
Testing.__checkBinaryOperation(result.durationSeconds,{ $0 >= $1() },0,expression: .__fromBinaryOperation(.__fromSyntaxNode("result.durationSeconds"),">=",.__fromSyntaxNode("0")),comments: ["AgentResult.durationSeconds must be non-negative (§6.1)"],isRequired: false,sourceLocation: Testing.SourceLocation.__here()).__expected()
/Users/user/Documents/Chainworks Forge/Chainworks ForgeTests/SimulatedAgentExecutorTests.swift:279:9: note: in expansion of macro 'expect' here
        #expect(result.durationSeconds >= 0, "AgentResult.durationSeconds must be non-negative (§6.1)")
/Users/user/Documents/Chainworks Forge/Chainworks ForgeTests/SimulatedAgentExecutorTests.swift:279:9: note: in expansion of macro 'expect' here
        #expect(result.durationSeconds >= 0, "AgentResult.durationSeconds must be non-negative (§6.1)")

SwiftCompile normal arm64 /Users/user/Documents/Chainworks\ Forge/Chainworks\ ForgeTests/TestSupport.swift (in target 'Chainworks ForgeTests' from project 'Chainworks Forge')
    cd /Users/user/Documents/Chainworks\ Forge
    
@__swiftmacro_21Chainworks_ForgeTests0038SimulatedAgentExecutorTestsswift_yoBAmfMX57_8_6expectfMf_.swift:1:57: warning: main actor-isolated property 'succeeded' can not be referenced from a nonisolated context
Testing.__checkPropertyAccess(result.self,getting: { $0.succeeded },expression: .__fromPropertyAccess(.__fromSyntaxNode("result"),.__fromSyntaxNode("succeeded")),comments: [],isRequired: false,sourceLocation: Testing.SourceLocation.__here()).__expected()
                                                        ^
/Users/user/Documents/Chainworks Forge/Chainworks ForgeTests/SimulatedAgentExecutorTests.swift:58:9: note: in expansion of macro 'expect' here
        #expect(result.succeeded)
        ^~~~~~~~~~~~~~~~~~~~~~~~~
/Users/user/Documents/Chainworks Forge/Chainworks ForgeTests/SimulatedAgentExecutorTests.swift:58:9: note: in expansion of macro 'expect' here
        #expect(result.succeeded)
        ^~~~~~~~~~~~~~~~~~~~~~~~~
Chainworks_Forge.AgentResult.succeeded:2:25: note: property declared here
@MainActor internal let succeeded: Bool}
                        ^
@__swiftmacro_21Chainworks_ForgeTests0038SimulatedAgentExecutorTestsswift_yoBAmfMX58_8_6expectfMf0_.swift:1:39: warning: main actor-isolated property 'errorMessage' cannot be accessed from outside of the actor; this is an error in the Swift 6 language mode
Testing.__checkBinaryOperation(result.errorMessage,{ $0 == $1() },nil,expression: .__fromBinaryOperation(.__fromSyntaxNode("result.errorMessage"),"==",.__fromSyntaxNode("nil")),comments: [],isRequired: false,sourceLocation: Testing.SourceLocation.__here()).__expected()
                                      ^
/Users/user/Documents/Chainworks Forge/Chainworks ForgeTests/SimulatedAgentExecutorTests.swift:59:9: note: in expansion of macro 'expect' here
        #expect(result.errorMessage == nil)
        ^~~~~~~~~~~~~~~~~~~~~~~~~~~~~~~~~~~
/Users/user/Documents/Chainworks Forge/Chainworks ForgeTests/SimulatedAgentExecutorTests.swift:59:9: note: in expansion of macro 'expect' here
        #expect(result.errorMessage == nil)
        ^~~~~~~~~~~~~~~~~~~~~~~~~~~~~~~~~~~
@__swiftmacro_21Chainworks_ForgeTests0038SimulatedAgentExecutorTestsswift_yoBAmfMX59_8_6expectfMf1_.swift:1:38: warning: main actor-isolated property 'outputs' cannot be accessed from outside of the actor; this is an error in the Swift 6 language mode
Testing.__checkPropertyAccess(result.outputs.self,getting: { $0.isEmpty },expression: .__fromNegation(.__fromPropertyAccess(.__fromSyntaxNode("result.outputs"),.__fromSyntaxNode("isEmpty")), false),comments: [],isRequired: false,sourceLocation: Testing.SourceLocation.__here()).__expected()
                                     ^
/Users/user/Documents/Chainworks Forge/Chainworks ForgeTests/SimulatedAgentExecutorTests.swift:60:9: note: in expansion of macro 'expect' here
        #expect(!result.outputs.isEmpty)
        ^~~~~~~~~~~~~~~~~~~~~~~~~~~~~~~~
/Users/user/Documents/Chainworks Forge/Chainworks ForgeTests/SimulatedAgentExecutorTests.swift:60:9: note: in expansion of macro 'expect' here
        #expect(!result.outputs.isEmpty)
        ^~~~~~~~~~~~~~~~~~~~~~~~~~~~~~~~
@__swiftmacro_21Chainworks_ForgeTests0038SimulatedAgentExecutorTestsswift_yoBAmfMX60_8_6expectfMf2_.swift:1:39: warning: main actor-isolated property 'logSnippet' cannot be accessed from outside of the actor; this is an error in the Swift 6 language mode
Testing.__checkBinaryOperation(result.logSnippet,{ $0 != $1() },nil,expression: .__fromBinaryOperation(.__fromSyntaxNode("result.logSnippet"),"!=",.__fromSyntaxNode("nil")),comments: [],isRequired: false,sourceLocation: Testing.SourceLocation.__here()).__expected()
                                      ^
/Users/user/Documents/Chainworks Forge/Chainworks ForgeTests/SimulatedAgentExecutorTests.swift:61:9: note: in expansion of macro 'expect' here
        #expect(result.logSnippet != nil)
        ^~~~~~~~~~~~~~~~~~~~~~~~~~~~~~~~~
/Users/user/Documents/Chainworks Forge/Chainworks ForgeTests/SimulatedAgentExecutorTests.swift:61:9: note: in expansion of macro 'expect' here
        #expect(result.logSnippet != nil)
        ^~~~~~~~~~~~~~~~~~~~~~~~~~~~~~~~~
@__swiftmacro_21Chainworks_ForgeTests0038SimulatedAgentExecutorTestsswift_yoBAmfMX72_8_6expectfMf_.swift:1:57: warning: main actor-isolated property 'succeeded' can not be referenced from a nonisolated context
Testing.__checkPropertyAccess(result.self,getting: { $0.succeeded },expression: .__fromPropertyAccess(.__fromSyntaxNode("result"),.__fromSyntaxNode("succeeded")),comments: [],isRequired: false,sourceLocation: Testing.SourceLocation.__here()).__expected()
                                                        ^
/Users/user/Documents/Chainworks Forge/Chainworks ForgeTests/SimulatedAgentExecutorTests.swift:73:9: note: in expansion of macro 'expect' here
        #expect(result.succeeded)
        ^~~~~~~~~~~~~~~~~~~~~~~~~
/Users/user/Documents/Chainworks Forge/Chainworks ForgeTests/SimulatedAgentExecutorTests.swift:73:9: note: in expansion of macro 'expect' here
        #expect(result.succeeded)
        ^~~~~~~~~~~~~~~~~~~~~~~~~
Chainworks_Forge.AgentResult.succeeded:2:25: note: property declared here
@MainActor internal let succeeded: Bool}
                        ^
@__swiftmacro_21Chainworks_ForgeTests0038SimulatedAgentExecutorTestsswift_yoBAmfMX73_8_6expectfMf0_.swift:1:39: warning: main actor-isolated property 'outputs' cannot be accessed from outside of the actor; this is an error in the Swift 6 language mode
Testing.__checkBinaryOperation(result.outputs.count,{ $0 == $1() },2,expression: .__fromBinaryOperation(.__fromSyntaxNode("result.outputs.count"),"==",.__fromSyntaxNode("2")),comments: [],isRequired: false,sourceLocation: Testing.SourceLocation.__here()).__expected()
                                      ^
/Users/user/Documents/Chainworks Forge/Chainworks ForgeTests/SimulatedAgentExecutorTests.swift:74:9: note: in expansion of macro 'expect' here
        #expect(result.outputs.count == 2)
        ^~~~~~~~~~~~~~~~~~~~~~~~~~~~~~~~~~
/Users/user/Documents/Chainworks Forge/Chainworks ForgeTests/SimulatedAgentExecutorTests.swift:74:9: note: in expansion of macro 'expect' here
        #expect(result.outputs.count == 2)
        ^~~~~~~~~~~~~~~~~~~~~~~~~~~~~~~~~~
@__swiftmacro_21Chainworks_ForgeTests0038SimulatedAgentExecutorTestsswift_yoBAmfMX74_8_6expectfMf1_.swift:1:39: warning: main actor-isolated property 'outputs' cannot be accessed from outside of the actor; this is an error in the Swift 6 language mode
Testing.__checkBinaryOperation(result.outputs["proposal_current"],{ $0 != $1() },nil,expression: .__fromBinaryOperation(.__fromSyntaxNode(#"result.outputs["proposal_current"]"#),"!=",.__fromSyntaxNode("nil")),comments: [],isRequired: false,sourceLocation: Testing.SourceLocation.__here()).__expected()
                                      ^
/Users/user/Documents/Chainworks Forge/Chainworks ForgeTests/SimulatedAgentExecutorTests.swift:75:9: note: in expansion of macro 'expect' here
        #expect(result.outputs["proposal_current"] != nil)
        ^~~~~~~~~~~~~~~~~~~~~~~~~~~~~~~~~~~~~~~~~~~~~~~~~~
/Users/user/Documents/Chainworks Forge/Chainworks ForgeTests/SimulatedAgentExecutorTests.swift:75:9: note: in expansion of macro 'expect' here
        #expect(result.outputs["proposal_current"] != nil)
        ^~~~~~~~~~~~~~~~~~~~~~~~~~~~~~~~~~~~~~~~~~~~~~~~~~
@__swiftmacro_21Chainworks_ForgeTests0038SimulatedAgentExecutorTestsswift_yoBAmfMX75_8_6expectfMf2_.swift:1:39: warning: main actor-isolated property 'outputs' cannot be accessed from outside of the actor; this is an error in the Swift 6 language mode
Testing.__checkBinaryOperation(result.outputs["idea_brief"],{ $0 != $1() },nil,expression: .__fromBinaryOperation(.__fromSyntaxNode(#"result.outputs["idea_brief"]"#),"!=",.__fromSyntaxNode("nil")),comments: [],isRequired: false,sourceLocation: Testing.SourceLocation.__here()).__expected()
                                      ^
/Users/user/Documents/Chainworks Forge/Chainworks ForgeTests/SimulatedAgentExecutorTests.swift:76:9: note: in expansion of macro 'expect' here
        #expect(result.outputs["idea_brief"] != nil)
        ^~~~~~~~~~~~~~~~~~~~~~~~~~~~~~~~~~~~~~~~~~~~
/Users/user/Documents/Chainworks Forge/Chainworks ForgeTests/SimulatedAgentExecutorTests.swift:76:9: note: in expansion of macro 'expect' here
        #expect(result.outputs["idea_brief"] != nil)
        ^~~~~~~~~~~~~~~~~~~~~~~~~~~~~~~~~~~~~~~~~~~~
@__swiftmacro_21Chainworks_ForgeTests0038SimulatedAgentExecutorTestsswift_yoBAmfMX87_8_6expectfMf_.swift:1:57: warning: main actor-isolated property 'succeeded' can not be referenced from a nonisolated context
Testing.__checkPropertyAccess(result.self,getting: { $0.succeeded },expression: .__fromPropertyAccess(.__fromSyntaxNode("result"),.__fromSyntaxNode("succeeded")),comments: [],isRequired: false,sourceLocation: Testing.SourceLocation.__here()).__expected()
                                                        ^
/Users/user/Documents/Chainworks Forge/Chainworks ForgeTests/SimulatedAgentExecutorTests.swift:88:9: note: in expansion of macro 'expect' here
        #expect(result.succeeded)
        ^~~~~~~~~~~~~~~~~~~~~~~~~
/Users/user/Documents/Chainworks Forge/Chainworks ForgeTests/SimulatedAgentExecutorTests.swift:88:9: note: in expansion of macro 'expect' here
        #expect(result.succeeded)
        ^~~~~~~~~~~~~~~~~~~~~~~~~
Chainworks_Forge.AgentResult.succeeded:2:25: note: property declared here
@MainActor internal let succeeded: Bool}
                        ^
@__swiftmacro_21Chainworks_ForgeTests0038SimulatedAgentExecutorTestsswift_yoBAmfMX88_8_6expectfMf0_.swift:1:39: warning: main actor-isolated property 'outputs' cannot be accessed from outside of the actor; this is an error in the Swift 6 language mode
Testing.__checkBinaryOperation(result.outputs.count,{ $0 == $1() },1,expression: .__fromBinaryOperation(.__fromSyntaxNode("result.outputs.count"),"==",.__fromSyntaxNode("1")),comments: [],isRequired: false,sourceLocation: Testing.SourceLocation.__here()).__expected()
                                      ^
/Users/user/Documents/Chainworks Forge/Chainworks ForgeTests/SimulatedAgentExecutorTests.swift:89:9: note: in expansion of macro 'expect' here
        #expect(result.outputs.count == 1)
        ^~~~~~~~~~~~~~~~~~~~~~~~~~~~~~~~~~
/Users/user/Documents/Chainworks Forge/Chainworks ForgeTests/SimulatedAgentExecutorTests.swift:89:9: note: in expansion of macro 'expect' here
        #expect(result.outputs.count == 1)
        ^~~~~~~~~~~~~~~~~~~~~~~~~~~~~~~~~~
@__swiftmacro_21Chainworks_ForgeTests0038SimulatedAgentExecutorTestsswift_yoBAmfMX89_8_6expectfMf1_.swift:1:39: warning: main actor-isolated property 'outputs' cannot be accessed from outside of the actor; this is an error in the Swift 6 language mode
Testing.__checkBinaryOperation(result.outputs["test_agent_output"],{ $0 != $1() },nil,expression: .__fromBinaryOperation(.__fromSyntaxNode(#"result.outputs["test_agent_output"]"#),"!=",.__fromSyntaxNode("nil")),comments: [],isRequired: false,sourceLocation: Testing.SourceLocation.__here()).__expected()
                                      ^
/Users/user/Documents/Chainworks Forge/Chainworks ForgeTests/SimulatedAgentExecutorTests.swift:90:9: note: in expansion of macro 'expect' here
        #expect(result.outputs["test_agent_output"] != nil)
        ^~~~~~~~~~~~~~~~~~~~~~~~~~~~~~~~~~~~~~~~~~~~~~~~~~~
/Users/user/Documents/Chainworks Forge/Chainworks ForgeTests/SimulatedAgentExecutorTests.swift:90:9: note: in expansion of macro 'expect' here
        #expect(result.outputs["test_agent_output"] != nil)
        ^~~~~~~~~~~~~~~~~~~~~~~~~~~~~~~~~~~~~~~~~~~~~~~~~~~
@__swiftmacro_21Chainworks_ForgeTests0038SimulatedAgentExecutorTestsswift_yoBAmfMX107_8_6expectfMf_.swift:1:57: warning: main actor-isolated property 'succeeded' can not be referenced from a nonisolated context
Testing.__checkPropertyAccess(result.self,getting: { $0.succeeded },expression: .__fromPropertyAccess(.__fromSyntaxNode("result"),.__fromSyntaxNode("succeeded")),comments: [],isRequired: false,sourceLocation: Testing.SourceLocation.__here()).__expected()
                                                        ^
/Users/user/Documents/Chainworks Forge/Chainworks ForgeTests/SimulatedAgentExecutorTests.swift:108:9: note: in expansion of macro 'expect' here
        #expect(result.succeeded)
        ^~~~~~~~~~~~~~~~~~~~~~~~~
/Users/user/Documents/Chainworks Forge/Chainworks ForgeTests/SimulatedAgentExecutorTests.swift:108:9: note: in expansion of macro 'expect' here
        #expect(result.succeeded)
        ^~~~~~~~~~~~~~~~~~~~~~~~~
Chainworks_Forge.AgentResult.succeeded:2:25: note: property declared here
@MainActor internal let succeeded: Bool}
                        ^
@__swiftmacro_21Chainworks_ForgeTests0038SimulatedAgentExecutorTestsswift_yoBAmfMX169_8_6expectfMf_.swift:1:57: warning: main actor-isolated property 'succeeded' can not be referenced from a nonisolated context
Testing.__checkPropertyAccess(result.self,getting: { $0.succeeded },expression: .__fromNegation(.__fromPropertyAccess(.__fromSyntaxNode("result"),.__fromSyntaxNode("succeeded")), false),comments: [],isRequired: false,sourceLocation: Testing.SourceLocation.__here()).__expected()
                                                        ^
/Users/user/Documents/Chainworks Forge/Chainworks ForgeTests/SimulatedAgentExecutorTests.swift:170:9: note: in expansion of macro 'expect' here
        #expect(!result.succeeded)
        ^~~~~~~~~~~~~~~~~~~~~~~~~~
/Users/user/Documents/Chainworks Forge/Chainworks ForgeTests/SimulatedAgentExecutorTests.swift:170:9: note: in expansion of macro 'expect' here
        #expect(!result.succeeded)
        ^~~~~~~~~~~~~~~~~~~~~~~~~~
Chainworks_Forge.AgentResult.succeeded:2:25: note: property declared here
@MainActor internal let succeeded: Bool}
                        ^
@__swiftmacro_21Chainworks_ForgeTests0038SimulatedAgentExecutorTestsswift_yoBAmfMX170_8_6expectfMf0_.swift:1:39: warning: main actor-isolated property 'errorMessage' cannot be accessed from outside of the actor; this is an error in the Swift 6 language mode
Testing.__checkBinaryOperation(result.errorMessage,{ $0 != $1() },nil,expression: .__fromBinaryOperation(.__fromSyntaxNode("result.errorMessage"),"!=",.__fromSyntaxNode("nil")),comments: [],isRequired: false,sourceLocation: Testing.SourceLocation.__here()).__expected()
                                      ^
/Users/user/Documents/Chainworks Forge/Chainworks ForgeTests/SimulatedAgentExecutorTests.swift:171:9: note: in expansion of macro 'expect' here
        #expect(result.errorMessage != nil)
        ^~~~~~~~~~~~~~~~~~~~~~~~~~~~~~~~~~~
/Users/user/Documents/Chainworks Forge/Chainworks ForgeTests/SimulatedAgentExecutorTests.swift:171:9: note: in expansion of macro 'expect' here
        #expect(result.errorMessage != nil)
        ^~~~~~~~~~~~~~~~~~~~~~~~~~~~~~~~~~~
@__swiftmacro_21Chainworks_ForgeTests0038SimulatedAgentExecutorTestsswift_yoBAmfMX171_8_6expectfMf1_.swift:1:38: warning: main actor-isolated property 'outputs' cannot be accessed from outside of the actor; this is an error in the Swift 6 language mode
Testing.__checkPropertyAccess(result.outputs.self,getting: { $0.isEmpty },expression: .__fromPropertyAccess(.__fromSyntaxNode("result.outputs"),.__fromSyntaxNode("isEmpty")),comments: [],isRequired: false,sourceLocation: Testing.SourceLocation.__here()).__expected()
                                     ^
/Users/user/Documents/Chainworks Forge/Chainworks ForgeTests/SimulatedAgentExecutorTests.swift:172:9: note: in expansion of macro 'expect' here
        #expect(result.outputs.isEmpty)
        ^~~~~~~~~~~~~~~~~~~~~~~~~~~~~~~
/Users/user/Documents/Chainworks Forge/Chainworks ForgeTests/SimulatedAgentExecutorTests.swift:172:9: note: in expansion of macro 'expect' here
        #expect(result.outputs.isEmpty)
        ^~~~~~~~~~~~~~~~~~~~~~~~~~~~~~~
@__swiftmacro_21Chainworks_ForgeTests0038SimulatedAgentExecutorTestsswift_yoBAmfMX192_8_6expectfMf_.swift:1:41: warning: main actor-isolated property 'executedTasks' cannot be accessed from outside of the actor; this is an error in the Swift 6 language mode
Testing.__checkBinaryOperation(executor.executedTasks.count,{ $0 == $1() },2,expression: .__fromBinaryOperation(.__fromSyntaxNode("executor.executedTasks.count"),"==",.__fromSyntaxNode("2")),comments: [],isRequired: false,sourceLocation: Testing.SourceLocation.__here()).__expected()
                                        ^
/Users/user/Documents/Chainworks Forge/Chainworks ForgeTests/SimulatedAgentExecutorTests.swift:193:9: note: in expansion of macro 'expect' here
        #expect(executor.executedTasks.count == 2)
        ^~~~~~~~~~~~~~~~~~~~~~~~~~~~~~~~~~~~~~~~~~
/Users/user/Documents/Chainworks Forge/Chainworks ForgeTests/SimulatedAgentExecutorTests.swift:193:9: note: in expansion of macro 'expect' here
        #expect(executor.executedTasks.count == 2)
        ^~~~~~~~~~~~~~~~~~~~~~~~~~~~~~~~~~~~~~~~~~
@__swiftmacro_21Chainworks_ForgeTests0038SimulatedAgentExecutorTestsswift_yoBAmfMX193_8_6expectfMf0_.swift:1:41: warning: main actor-isolated property 'executedTasks' cannot be accessed from outside of the actor; this is an error in the Swift 6 language mode
Testing.__checkBinaryOperation(executor.executedTasks[0].task,{ $0 == $1() },"task_1",expression: .__fromBinaryOperation(.__fromSyntaxNode("executor.executedTasks[0].task"),"==",.__fromStringLiteral(#""task_1""#, "task_1")),comments: [],isRequired: false,sourceLocation: Testing.SourceLocation.__here()).__expected()
                                        ^
/Users/user/Documents/Chainworks Forge/Chainworks ForgeTests/SimulatedAgentExecutorTests.swift:194:9: note: in expansion of macro 'expect' here
        #expect(executor.executedTasks[0].task == "task_1")
        ^~~~~~~~~~~~~~~~~~~~~~~~~~~~~~~~~~~~~~~~~~~~~~~~~~~
/Users/user/Documents/Chainworks Forge/Chainworks ForgeTests/SimulatedAgentExecutorTests.swift:194:9: note: in expansion of macro 'expect' here
        #expect(executor.executedTasks[0].task == "task_1")
        ^~~~~~~~~~~~~~~~~~~~~~~~~~~~~~~~~~~~~~~~~~~~~~~~~~~
@__swiftmacro_21Chainworks_ForgeTests0038SimulatedAgentExecutorTestsswift_yoBAmfMX194_8_6expectfMf1_.swift:1:41: warning: main actor-isolated property 'executedTasks' cannot be accessed from outside of the actor; this is an error in the Swift 6 language mode
Testing.__checkBinaryOperation(executor.executedTasks[1].stageID,{ $0 == $1() },"stage_2",expression: .__fromBinaryOperation(.__fromSyntaxNode("executor.executedTasks[1].stageID"),"==",.__fromStringLiteral(#""stage_2""#, "stage_2")),comments: [],isRequired: false,sourceLocation: Testing.SourceLocation.__here()).__expected()
                                        ^
/Users/user/Documents/Chainworks Forge/Chainworks ForgeTests/SimulatedAgentExecutorTests.swift:195:9: note: in expansion of macro 'expect' here
        #expect(executor.executedTasks[1].stageID == "stage_2")
        ^~~~~~~~~~~~~~~~~~~~~~~~~~~~~~~~~~~~~~~~~~~~~~~~~~~~~~~
/Users/user/Documents/Chainworks Forge/Chainworks ForgeTests/SimulatedAgentExecutorTests.swift:195:9: note: in expansion of macro 'expect' here
        #expect(executor.executedTasks[1].stageID == "stage_2")
        ^~~~~~~~~~~~~~~~~~~~~~~~~~~~~~~~~~~~~~~~~~~~~~~~~~~~~~~
@__swiftmacro_21Chainworks_ForgeTests0038SimulatedAgentExecutorTestsswift_yoBAmfMX205_8_6expectfMf_.swift:1:40: warning: main actor-isolated property 'executedTasks' cannot be accessed from outside of the actor; this is an error in the Swift 6 language mode
Testing.__checkPropertyAccess(executor.executedTasks.self,getting: { $0.isEmpty },expression: .__fromPropertyAccess(.__fromSyntaxNode("executor.executedTasks"),.__fromSyntaxNode("isEmpty")),comments: [],isRequired: false,sourceLocation: Testing.SourceLocation.__here()).__expected()
                                       ^
/Users/user/Documents/Chainworks Forge/Chainworks ForgeTests/SimulatedAgentExecutorTests.swift:206:9: note: in expansion of macro 'expect' here
        #expect(executor.executedTasks.isEmpty)
        ^~~~~~~~~~~~~~~~~~~~~~~~~~~~~~~~~~~~~~~
/Users/user/Documents/Chainworks Forge/Chainworks ForgeTests/SimulatedAgentExecutorTests.swift:206:9: note: in expansion of macro 'expect' here
        #expect(executor.executedTasks.isEmpty)
        ^~~~~~~~~~~~~~~~~~~~~~~~~~~~~~~~~~~~~~~
@__swiftmacro_21Chainworks_ForgeTests0038SimulatedAgentExecutorTestsswift_yoBAmfMX206_8_6expectfMf0_.swift:1:40: warning: main actor-isolated property 'failingAgentIDs' cannot be accessed from outside of the actor; this is an error in the Swift 6 language mode
Testing.__checkPropertyAccess(executor.failingAgentIDs.self,getting: { $0.isEmpty },expression: .__fromPropertyAccess(.__fromSyntaxNode("executor.failingAgentIDs"),.__fromSyntaxNode("isEmpty")),comments: [],isRequired: false,sourceLocation: Testing.SourceLocation.__here()).__expected()
                                       ^
/Users/user/Documents/Chainworks Forge/Chainworks ForgeTests/SimulatedAgentExecutorTests.swift:207:9: note: in expansion of macro 'expect' here
        #expect(executor.failingAgentIDs.isEmpty)
        ^~~~~~~~~~~~~~~~~~~~~~~~~~~~~~~~~~~~~~~~~
/Users/user/Documents/Chainworks Forge/Chainworks ForgeTests/SimulatedAgentExecutorTests.swift:207:9: note: in expansion of macro 'expect' here
        #expect(executor.failingAgentIDs.isEmpty)
        ^~~~~~~~~~~~~~~~~~~~~~~~~~~~~~~~~~~~~~~~~
@__swiftmacro_21Chainworks_ForgeTests0038SimulatedAgentExecutorTestsswift_yoBAmfMX261_8_6expectfMf_.swift:1:39: warning: main actor-isolated property 'costCents' cannot be accessed from outside of the actor; this is an error in the Swift 6 language mode
Testing.__checkBinaryOperation(result.costCents,{ $0 != $1() },nil,expression: .__fromBinaryOperation(.__fromSyntaxNode("result.costCents"),"!=",.__fromSyntaxNode("nil")),comments: [.__line("// §6.2: default 100 cents per execution")],isRequired: false,sourceLocation: Testing.SourceLocation.__here()).__expected()
/Users/user/Documents/Chainworks Forge/Chainworks ForgeTests/SimulatedAgentExecutorTests.swift:262:9: note: in expansion of macro 'expect' here
        #expect(result.costCents != nil)
        ^~~~~~~~~~~~~~~~~~~~~~~~~~~~~~~~
/Users/user/Documents/Chainworks Forge/Chainworks ForgeTests/SimulatedAgentExecutorTests.swift:262:9: note: in expansion of macro 'expect' here
        #expect(result.costCents != nil)
        ^~~~~~~~~~~~~~~~~~~~~~~~~~~~~~~~
@__swiftmacro_21Chainworks_ForgeTests0038SimulatedAgentExecutorTestsswift_yoBAmfMX262_8_6expectfMf0_.swift:1:39: warning: main actor-isolated property 'costCents' cannot be accessed from outside of the actor; this is an error in the Swift 6 language mode
Testing.__checkBinaryOperation(result.costCents,{ $0 == $1() },100,expression: .__fromBinaryOperation(.__fromSyntaxNode("result.costCents"),"==",.__fromSyntaxNode("100")),comments: [],isRequired: false,sourceLocation: Testing.SourceLocation.__here()).__expected()
                                      ^
/Users/user/Documents/Chainworks Forge/Chainworks ForgeTests/SimulatedAgentExecutorTests.swift:263:9: note: in expansion of macro 'expect' here
        #expect(result.costCents == 100)
        ^~~~~~~~~~~~~~~~~~~~~~~~~~~~~~~~
/Users/user/Documents/Chainworks Forge/Chainworks ForgeTests/SimulatedAgentExecutorTests.swift:263:9: note: in expansion of macro 'expect' here
        #expect(result.costCents == 100)
        ^~~~~~~~~~~~~~~~~~~~~~~~~~~~~~~~
@__swiftmacro_21Chainworks_ForgeTests0038SimulatedAgentExecutorTestsswift_yoBAmfMX276_8_6expectfMf_.swift:1:39: warning: main actor-isolated property 'sessionID' cannot be accessed from outside of the actor; this is an error in the Swift 6 language mode
Testing.__checkBinaryOperation(result.sessionID,{ $0 != $1() },nil,expression: .__fromBinaryOperation(.__fromSyntaxNode("result.sessionID"),"!=",.__fromSyntaxNode("nil")),comments: ["AgentResult.sessionID must be set (§6.1)"],isRequired: false,sourceLocation: Testing.SourceLocation.__here()).__expected()
/Users/user/Documents/Chainworks Forge/Chainworks ForgeTests/SimulatedAgentExecutorTests.swift:277:9: note: in expansion of macro 'expect' here
        #expect(result.sessionID != nil, "AgentResult.sessionID must be set (§6.1)")
/Users/user/Documents/Chainworks Forge/Chainworks ForgeTests/SimulatedAgentExecutorTests.swift:277:9: note: in expansion of macro 'expect' here
        #expect(result.sessionID != nil, "AgentResult.sessionID must be set (§6.1)")
@__swiftmacro_21Chainworks_ForgeTests0038SimulatedAgentExecutorTestsswift_yoBAmfMX277_8_6expectfMf0_.swift:1:36: warning: main actor-isolated property 'sessionID' cannot be accessed from outside of the actor; this is an error in the Swift 6 language mode
Testing.__checkFunctionCall(result.sessionID!.self,calling: {
                                   ^
/Users/user/Documents/Chainworks Forge/Chainworks ForgeTests/SimulatedAgentExecutorTests.swift:278:9: note: in expansion of macro 'expect' here
        #expect(result.sessionID!.hasPrefix("sim-"), "Simulated sessions use 'sim-' prefix")
        ^~~~~~~~~~~~~~~~~~~~~~~~~~~~~~~~~~~~~~~~~~~~~~~~~~~~~~~~~~~~~~~~~~~~~~~~~~~~~~~~~~~~
/Users/user/Documents/Chainworks Forge/Chainworks ForgeTests/SimulatedAgentExecutorTests.swift:278:9: note: in expansion of macro 'expect' here
        #expect(result.sessionID!.hasPrefix("sim-"), "Simulated sessions use 'sim-' prefix")
        ^~~~~~~~~~~~~~~~~~~~~~~~~~~~~~~~~~~~~~~~~~~~~~~~~~~~~~~~~~~~~~~~~~~~~~~~~~~~~~~~~~~~
@__swiftmacro_21Chainworks_ForgeTests0038SimulatedAgentExecutorTestsswift_yoBAmfMX278_8_6expectfMf1_.swift:1:39: warning: main actor-isolated property 'durationSeconds' cannot be accessed from outside of the actor; this is an error in the Swift 6 language mode
Testing.__checkBinaryOperation(result.durationSeconds,{ $0 >= $1() },0,expression: .__fromBinaryOperation(.__fromSyntaxNode("result.durationSeconds"),">=",.__fromSyntaxNode("0")),comments: ["AgentResult.durationSeconds must be non-negative (§6.1)"],isRequired: false,sourceLocation: Testing.SourceLocation.__here()).__expected()
/Users/user/Documents/Chainworks Forge/Chainworks ForgeTests/SimulatedAgentExecutorTests.swift:279:9: note: in expansion of macro 'expect' here
        #expect(result.durationSeconds >= 0, "AgentResult.durationSeconds must be non-negative (§6.1)")
/Users/user/Documents/Chainworks Forge/Chainworks ForgeTests/SimulatedAgentExecutorTests.swift:279:9: note: in expansion of macro 'expect' here
        #expect(result.durationSeconds >= 0, "AgentResult.durationSeconds must be non-negative (§6.1)")

SwiftCompile normal arm64 Compiling\ TestTags.swift,\ TransitionEvaluatorTests.swift,\ WorkflowMapProjectionTests.swift /Users/user/Documents/Chainworks\ Forge/Chainworks\ ForgeTests/TestTags.swift /Users/user/Documents/Chainworks\ Forge/Chainworks\ ForgeTests/TransitionEvaluatorTests.swift /Users/user/Documents/Chainworks\ Forge/Chainworks\ ForgeTests/WorkflowMapProjectionTests.swift (in target 'Chainworks ForgeTests' from project 'Chainworks Forge')

SwiftCompile normal arm64 /Users/user/Documents/Chainworks\ Forge/Chainworks\ ForgeTests/TestTags.swift (in target 'Chainworks ForgeTests' from project 'Chainworks Forge')
    cd /Users/user/Documents/Chainworks\ Forge
    

SwiftCompile normal arm64 /Users/user/Documents/Chainworks\ Forge/Chainworks\ ForgeTests/TransitionEvaluatorTests.swift (in target 'Chainworks ForgeTests' from project 'Chainworks Forge')
    cd /Users/user/Documents/Chainworks\ Forge
    

SwiftCompile normal arm64 /Users/user/Documents/Chainworks\ Forge/Chainworks\ ForgeTests/WorkflowMapProjectionTests.swift (in target 'Chainworks ForgeTests' from project 'Chainworks Forge')
    cd /Users/user/Documents/Chainworks\ Forge
    

SwiftCompile normal arm64 Compiling\ LiveProposalWorkflowTests.swift,\ MVPGoldenRunTests.swift,\ OrchestratorTests.swift /Users/user/Documents/Chainworks\ Forge/Chainworks\ ForgeTests/LiveProposalWorkflowTests.swift /Users/user/Documents/Chainworks\ Forge/Chainworks\ ForgeTests/MVPGoldenRunTests.swift /Users/user/Documents/Chainworks\ Forge/Chainworks\ ForgeTests/OrchestratorTests.swift (in target 'Chainworks ForgeTests' from project 'Chainworks Forge')

SwiftCompile normal arm64 /Users/user/Documents/Chainworks\ Forge/Chainworks\ ForgeTests/LiveProposalWorkflowTests.swift (in target 'Chainworks ForgeTests' from project 'Chainworks Forge')
    cd /Users/user/Documents/Chainworks\ Forge
    

SwiftCompile normal arm64 /Users/user/Documents/Chainworks\ Forge/Chainworks\ ForgeTests/MVPGoldenRunTests.swift (in target 'Chainworks ForgeTests' from project 'Chainworks Forge')
    cd /Users/user/Documents/Chainworks\ Forge
    

SwiftCompile normal arm64 /Users/user/Documents/Chainworks\ Forge/Chainworks\ ForgeTests/OrchestratorTests.swift (in target 'Chainworks ForgeTests' from project 'Chainworks Forge')
    cd /Users/user/Documents/Chainworks\ Forge
    

SwiftCompile normal arm64 Compiling\ AgentSessionTests.swift,\ ArtifactManagerTests.swift,\ ArtifactValidationTests.swift /Users/user/Documents/Chainworks\ Forge/Chainworks\ ForgeTests/AgentSessionTests.swift /Users/user/Documents/Chainworks\ Forge/Chainworks\ ForgeTests/ArtifactManagerTests.swift /Users/user/Documents/Chainworks\ Forge/Chainworks\ ForgeTests/ArtifactValidationTests.swift (in target 'Chainworks ForgeTests' from project 'Chainworks Forge')
SwiftCompile normal arm64 /Users/user/Documents/Chainworks\ Forge/Chainworks\ ForgeTests/AgentSessionTests.swift (in target 'Chainworks ForgeTests' from project 'Chainworks Forge')
    cd /Users/user/Documents/Chainworks\ Forge
    

SwiftCompile normal arm64 /Users/user/Documents/Chainworks\ Forge/Chainworks\ ForgeTests/ArtifactManagerTests.swift (in target 'Chainworks ForgeTests' from project 'Chainworks Forge')
    cd /Users/user/Documents/Chainworks\ Forge
    

SwiftCompile normal arm64 /Users/user/Documents/Chainworks\ Forge/Chainworks\ ForgeTests/ArtifactValidationTests.swift (in target 'Chainworks ForgeTests' from project 'Chainworks Forge')
    cd /Users/user/Documents/Chainworks\ Forge
    

SwiftEmitModule normal arm64 Emitting\ module\ for\ Chainworks_ForgeTests (in target 'Chainworks ForgeTests' from project 'Chainworks Forge')

EmitSwiftModule normal arm64 (in target 'Chainworks ForgeTests' from project 'Chainworks Forge')
    cd /Users/user/Documents/Chainworks\ Forge
    

SwiftCompile normal arm64 Compiling\ WorkspaceIsolationTests.swift,\ WorktreeProvisionerTests.swift /Users/user/Documents/Chainworks\ Forge/Chainworks\ ForgeTests/WorkspaceIsolationTests.swift /Users/user/Documents/Chainworks\ Forge/Chainworks\ ForgeTests/WorktreeProvisionerTests.swift (in target 'Chainworks ForgeTests' from project 'Chainworks Forge')

SwiftCompile normal arm64 /Users/user/Documents/Chainworks\ Forge/Chainworks\ ForgeTests/WorkspaceIsolationTests.swift (in target 'Chainworks ForgeTests' from project 'Chainworks Forge')
    cd /Users/user/Documents/Chainworks\ Forge
    

SwiftCompile normal arm64 /Users/user/Documents/Chainworks\ Forge/Chainworks\ ForgeTests/WorktreeProvisionerTests.swift (in target 'Chainworks ForgeTests' from project 'Chainworks Forge')
    cd /Users/user/Documents/Chainworks\ Forge
    

SwiftCompile normal arm64 Compiling\ FullMVPDeliveryTests.swift,\ GooseAgentExecutorTests.swift,\ GooseServerLiveIntegrationTests.swift /Users/user/Documents/Chainworks\ Forge/Chainworks\ ForgeTests/FullMVPDeliveryTests.swift /Users/user/Documents/Chainworks\ Forge/Chainworks\ ForgeTests/GooseAgentExecutorTests.swift /Users/user/Documents/Chainworks\ Forge/Chainworks\ ForgeTests/GooseServerLiveIntegrationTests.swift (in target 'Chainworks ForgeTests' from project 'Chainworks Forge')

SwiftCompile normal arm64 /Users/user/Documents/Chainworks\ Forge/Chainworks\ ForgeTests/FullMVPDeliveryTests.swift (in target 'Chainworks ForgeTests' from project 'Chainworks Forge')
    cd /Users/user/Documents/Chainworks\ Forge
    

SwiftCompile normal arm64 /Users/user/Documents/Chainworks\ Forge/Chainworks\ ForgeTests/GooseAgentExecutorTests.swift (in target 'Chainworks ForgeTests' from project 'Chainworks Forge')
    cd /Users/user/Documents/Chainworks\ Forge
    

SwiftCompile normal arm64 /Users/user/Documents/Chainworks\ Forge/Chainworks\ ForgeTests/GooseServerLiveIntegrationTests.swift (in target 'Chainworks ForgeTests' from project 'Chainworks Forge')
    cd /Users/user/Documents/Chainworks\ Forge
    

SwiftCompile normal arm64 Compiling\ Proposal013Tests.swift,\ ProviderBindingTruthTests.swift,\ ProviderPlatformTests.swift /Users/user/Documents/Chainworks\ Forge/Chainworks\ ForgeTests/Proposal013Tests.swift /Users/user/Documents/Chainworks\ Forge/Chainworks\ ForgeTests/ProviderBindingTruthTests.swift /Users/user/Documents/Chainworks\ Forge/Chainworks\ ForgeTests/ProviderPlatformTests.swift (in target 'Chainworks ForgeTests' from project 'Chainworks Forge')

SwiftCompile normal arm64 /Users/user/Documents/Chainworks\ Forge/Chainworks\ ForgeTests/Proposal013Tests.swift (in target 'Chainworks ForgeTests' from project 'Chainworks Forge')
    cd /Users/user/Documents/Chainworks\ Forge
    

SwiftCompile normal arm64 /Users/user/Documents/Chainworks\ Forge/Chainworks\ ForgeTests/ProviderBindingTruthTests.swift (in target 'Chainworks ForgeTests' from project 'Chainworks Forge')
    cd /Users/user/Documents/Chainworks\ Forge
    

SwiftCompile normal arm64 /Users/user/Documents/Chainworks\ Forge/Chainworks\ ForgeTests/ProviderPlatformTests.swift (in target 'Chainworks ForgeTests' from project 'Chainworks Forge')
    cd /Users/user/Documents/Chainworks\ Forge
    

SwiftCompile normal arm64 Compiling\ RecoveryCoordinatorTests.swift,\ ResumeManagerTests.swift,\ RunPlanCompilerTests.swift /Users/user/Documents/Chainworks\ Forge/Chainworks\ ForgeTests/RecoveryCoordinatorTests.swift /Users/user/Documents/Chainworks\ Forge/Chainworks\ ForgeTests/ResumeManagerTests.swift /Users/user/Documents/Chainworks\ Forge/Chainworks\ ForgeTests/RunPlanCompilerTests.swift (in target 'Chainworks ForgeTests' from project 'Chainworks Forge')


Test session results, code coverage, and logs:
	/Users/user/Library/Developer/Xcode/DerivedData/Chainworks_Forge-ayratnusrqmfbievclfarmszyhkv/Logs/Test/Test-Chainworks Forge-2026.03.31_14-21-21-+0300.xcresult

Testing failed:
	Missing argument for parameter 'ownerExecutionLineageID' in call
	Testing cancelled because the build failed.

** TEST FAILED **


The following build commands failed:
	SwiftCompile normal arm64 Compiling\ SharedMocks.swift,\ SimulatedAgentExecutorTests.swift,\ TestSupport.swift /Users/user/Documents/Chainworks\ Forge/Chainworks\ ForgeTests/SharedMocks.swift /Users/user/Documents/Chainworks\ Forge/Chainworks\ ForgeTests/SimulatedAgentExecutorTests.swift /Users/user/Documents/Chainworks\ Forge/Chainworks\ ForgeTests/TestSupport.swift (in target 'Chainworks ForgeTests' from project 'Chainworks Forge')
	SwiftCompile normal arm64 /Users/user/Documents/Chainworks\ Forge/Chainworks\ ForgeTests/SimulatedAgentExecutorTests.swift (in target 'Chainworks ForgeTests' from project 'Chainworks Forge')
	Testing project Chainworks Forge with scheme Chainworks Forge
(3 failures)
